cosim_fabric: NCELL=8 seed=0x5EEDC0DE n_random=36
cosim_fabric: classification (pre-registered): 26 decidable / 18 budget-adjacent (wait < 192)
cosim_fabric[directed-0]: OK (egress root digest 221093870)
cosim_fabric[directed-1]: OK (egress root digest 3974102246)
cosim_fabric[directed-2]: OK (egress root digest 378190548)
cosim_fabric[directed-3]: OK (egress root digest 3579143891)
cosim_fabric[directed-4]: OK (egress root digest 2545082574)
cosim_fabric[directed-5]: OK (egress root digest 1547272769)
cosim_fabric[directed-6]: OK (egress root digest 3766274704)
cosim_fabric[directed-7]: OK (egress root digest 1659607562)
cosim_fabric[randD-0]: OK (egress root digest 3837475253)
cosim_fabric[randB-1]: OK (egress root digest 892396826)
cosim_fabric[randD-2]: OK (egress root digest 2996552041)
cosim_fabric[randB-3]: OK (egress root digest 1510002609)
cosim_fabric[randD-4]: OK (egress root digest 1170523204)
cosim_fabric[randB-5]: OK (egress root digest 1701319510)
cosim_fabric[randD-6]: OK (egress root digest 4231382655)
cosim_fabric[randB-7]: OK (egress root digest 1797069165)
cosim_fabric[randD-8]: OK (egress root digest 252911353)
cosim_fabric[randB-9]: OK (egress root digest 2130773039)
cosim_fabric[randD-10]: OK (egress root digest 510296525)
cosim_fabric[randB-11]: OK (egress root digest 3306434337)
cosim_fabric[randD-12]: OK (egress root digest 3480741136)
cosim_fabric[randB-13]: OK (egress root digest 194250778)
cosim_fabric[randD-14]: OK (egress root digest 3664829138)
cosim_fabric[randB-15]: OK (egress root digest 2932392457)
cosim_fabric[randD-16]: OK (egress root digest 2990076716)
cosim_fabric[randB-17]: OK (egress root digest 2066803984)
cosim_fabric[randD-18]: OK (egress root digest 1968452178)
cosim_fabric[randB-19]: OK (egress root digest 2178228379)
cosim_fabric[randD-20]: OK (egress root digest 3275858854)
cosim_fabric[randB-21]: OK (egress root digest 824740424)
cosim_fabric[randD-22]: OK (egress root digest 4015434914)
cosim_fabric[randB-23]: OK (egress root digest 782634924)
cosim_fabric[randD-24]: OK (egress root digest 300936127)
cosim_fabric[randB-25]: OK (egress root digest 3071777514)
cosim_fabric[randD-26]: OK (egress root digest 1762081475)
cosim_fabric[randB-27]: OK (egress root digest 1729468283)
cosim_fabric[randD-28]: OK (egress root digest 4264468806)
cosim_fabric[randB-29]: OK (egress root digest 610869888)
cosim_fabric[randD-30]: OK (egress root digest 2145313332)
cosim_fabric[randB-31]: OK (egress root digest 1731438914)
cosim_fabric[randD-32]: OK (egress root digest 3855203784)
cosim_fabric[randB-33]: OK (egress root digest 2534324952)
cosim_fabric[randD-34]: OK (egress root digest 2653258011)
cosim_fabric[randB-35]: OK (egress root digest 4142998565)
cosim_fabric: 44/44 programs bit-exact (NCELL=8), 2285 egress flits compared
cosim_fabric: decidable class 26/26 bit-exact; budget-adjacent class 18/18
EXIT=0
2026-09-01T06:30:12Z
