cosim_fabric: NCELL=4 seed=0xD15EA5E n_random=36
cosim_fabric: classification (pre-registered): 26 decidable / 18 budget-adjacent (wait < 128)
cosim_fabric[directed-0]: OK (egress root digest 2529086310)
cosim_fabric[directed-1]: OK (egress root digest 242445977)
cosim_fabric[directed-2]: OK (egress root digest 2222941400)
cosim_fabric[directed-3]: OK (egress root digest 2026347941)
cosim_fabric[directed-4]: OK (egress root digest 2074447156)
cosim_fabric[directed-5]: OK (egress root digest 2010619023)
cosim_fabric[directed-6]: OK (egress root digest 2163269481)
cosim_fabric[directed-7]: OK (egress root digest 365435950)
cosim_fabric[randD-0]: OK (egress root digest 2381210954)
cosim_fabric[randB-1]: OK (egress root digest 2451123925)
cosim_fabric[randD-2]: OK (egress root digest 2290222725)
cosim_fabric[randB-3]: OK (egress root digest 1910656851)
cosim_fabric[randD-4]: OK (egress root digest 3562212716)
cosim_fabric[randB-5]: OK (egress root digest 2569544145)
cosim_fabric[randD-6]: OK (egress root digest 320213278)
cosim_fabric[randB-7]: OK (egress root digest 3480340051)
cosim_fabric[randD-8]: OK (egress root digest 3056488180)
cosim_fabric[randB-9]: OK (egress root digest 3596409463)
cosim_fabric[randD-10]: OK (egress root digest 3919233548)
cosim_fabric[randB-11]: OK (egress root digest 3554249546)
cosim_fabric[randD-12]: OK (egress root digest 2435485510)
cosim_fabric[randB-13]: OK (egress root digest 977132588)
cosim_fabric[randD-14]: OK (egress root digest 3062066449)
cosim_fabric[randB-15]: OK (egress root digest 4258683492)
cosim_fabric[randD-16]: OK (egress root digest 1070454069)
cosim_fabric[randB-17]: OK (egress root digest 994779597)
cosim_fabric[randD-18]: OK (egress root digest 1428519923)
cosim_fabric[randB-19]: OK (egress root digest 400608795)
cosim_fabric[randD-20]: OK (egress root digest 2990691503)
cosim_fabric[randB-21]: OK (egress root digest 2007058595)
cosim_fabric[randD-22]: OK (egress root digest 2242976190)
cosim_fabric[randB-23]: OK (egress root digest 619842059)
cosim_fabric[randD-24]: OK (egress root digest 808851327)
cosim_fabric[randB-25]: OK (egress root digest 1167257245)
cosim_fabric[randD-26]: OK (egress root digest 3971223594)
cosim_fabric[randB-27]: OK (egress root digest 3665749470)
cosim_fabric[randD-28]: OK (egress root digest 3364351965)
cosim_fabric[randB-29]: OK (egress root digest 69286283)
cosim_fabric[randD-30]: OK (egress root digest 616000947)
cosim_fabric[randB-31]: OK (egress root digest 4094584479)
cosim_fabric[randD-32]: OK (egress root digest 418491128)
cosim_fabric[randB-33]: OK (egress root digest 2196466608)
cosim_fabric[randD-34]: OK (egress root digest 2769341880)
cosim_fabric[randB-35]: OK (egress root digest 3662971676)
cosim_fabric: 44/44 programs bit-exact (NCELL=4), 2291 egress flits compared
cosim_fabric: decidable class 26/26 bit-exact; budget-adjacent class 18/18
EXIT=0
2026-09-01T06:23:34Z
