Warning: No PCF file specified; IO pins will be placed automatically

Info: Packing constants..
Info: Packing IOs..
Info: Packing LUT-FFs..
Info:     4841 LCs used as LUT4 only
Info:      959 LCs used as LUT4 and DFF
Info: Packing non-LUT FFs..
Info:     1377 LCs used as DFF only
Info: Packing carries..
Info:      392 LCs used as CARRY only
Info: Packing indirect carry+LUT pairs...
Info:      234 LUTs merged into carry LCs
Info: Packing RAMs..
Info: Placing PLLs..
Info: Packing special functions..
Info: Packing PLLs..
Info: Promoting globals..
Info: promoting clk$SB_IO_IN (fanout 2336)
Info: promoting rst_n_SB_LUT4_I3_O [reset] (fanout 1695)
Info: promoting $PACKER_VCC_NET [reset] (fanout 32)
Info: promoting nodes[0].conn0.u_cell.u_core.df_wr_SB_LUT4_I3_3_O_SB_LUT4_I3_O[1] [reset] (fanout 16)
Info: promoting nodes[0].conn0.u_cell.u_core.df_wr_SB_LUT4_I3_2_O_SB_LUT4_I3_2_O[1] [reset] (fanout 16)
Info: promoting nodes[1].u_pipe.b_q_SB_DFFESR_Q_E [cen] (fanout 75)
Info: promoting i_val_SB_LUT4_I1_O_SB_LUT4_I2_O [cen] (fanout 75)
Info: promoting nodes[0].u_pipe.b_v_SB_DFFSR_Q_D_SB_LUT4_O_I2_SB_LUT4_I2_O [cen] (fanout 75)
Info: Constraining chains...
Info:       59 LCs used to legalise carry chains.
Info: Checksum: 0x8a7cd143

Info: Device utilisation:
Info: 	         ICESTORM_LC:    7400/   7680    96%
Info: 	        ICESTORM_RAM:       0/     32     0%
Info: 	               SB_IO:     157/    256    61%
Info: 	               SB_GB:       8/      8   100%
Info: 	        ICESTORM_PLL:       0/      2     0%
Info: 	         SB_WARMBOOT:       0/      1     0%

Info: Placed 0 cells based on constraints.
Info: Creating initial analytic placement for 6515 cells, random placement wirelen = 213356.
Info:     at initial placer iter 0, wirelen = 6220
Info:     at initial placer iter 1, wirelen = 6042
Info:     at initial placer iter 2, wirelen = 6064
Info:     at initial placer iter 3, wirelen = 6131
Info: Running main analytical placer, max placement attempts per cell = 7153653.
Info:     at iteration #1, type ALL: wirelen solved = 6155, spread = 50213, legal = 67410; time = 0.23s
Info:     at iteration #2, type ALL: wirelen solved = 8380, spread = 37383, legal = 51310; time = 0.17s
Info:     at iteration #3, type ALL: wirelen solved = 10843, spread = 30570, legal = 47791; time = 0.21s
Info:     at iteration #4, type ALL: wirelen solved = 12744, spread = 28676, legal = 44458; time = 0.17s
Info:     at iteration #5, type ALL: wirelen solved = 14028, spread = 27288, legal = 40320; time = 0.15s
Info:     at iteration #6, type ALL: wirelen solved = 14816, spread = 26682, legal = 40734; time = 0.15s
Info:     at iteration #7, type ALL: wirelen solved = 15615, spread = 26264, legal = 38369; time = 0.15s
Info:     at iteration #8, type ALL: wirelen solved = 16011, spread = 25893, legal = 39602; time = 0.19s
Info:     at iteration #9, type ALL: wirelen solved = 16322, spread = 26271, legal = 40325; time = 0.17s
Info:     at iteration #10, type ALL: wirelen solved = 16977, spread = 26008, legal = 39074; time = 0.16s
Info:     at iteration #11, type ALL: wirelen solved = 17249, spread = 25626, legal = 38662; time = 0.16s
Info:     at iteration #12, type ALL: wirelen solved = 17788, spread = 26000, legal = 40500; time = 0.16s
Info: HeAP Placer Time: 3.07s
Info:   of which solving equations: 1.34s
Info:   of which spreading cells: 0.15s
Info:   of which strict legalisation: 0.85s

Info: Running simulated annealing placer for refinement.
Info:   at iteration #1: temp = 0.000000, timing cost = 2508, wirelen = 38369
Info:   at iteration #5: temp = 0.000000, timing cost = 2297, wirelen = 30576
Info:   at iteration #10: temp = 0.000000, timing cost = 1922, wirelen = 28771
Info:   at iteration #15: temp = 0.000000, timing cost = 1948, wirelen = 27842
Info:   at iteration #20: temp = 0.000000, timing cost = 1872, wirelen = 27031
Info:   at iteration #25: temp = 0.000000, timing cost = 1894, wirelen = 26732
Info:   at iteration #30: temp = 0.000000, timing cost = 1887, wirelen = 26608
Info:   at iteration #35: temp = 0.000000, timing cost = 1887, wirelen = 26560
Info:   at iteration #37: temp = 0.000000, timing cost = 1886, wirelen = 26539 
Info: SA placement time 15.67s

Info: Max frequency for clock 'clk$SB_IO_IN_$glb_clk': 29.14 MHz (PASS at 12.00 MHz)

Info: Max delay <async>                       -> <async>                      : 3.71 ns
Info: Max delay <async>                       -> posedge clk$SB_IO_IN_$glb_clk: 10.61 ns
Info: Max delay posedge clk$SB_IO_IN_$glb_clk -> <async>                      : 6.82 ns

Info: Slack histogram:
Info:  legend: * represents 20 endpoint(s)
Info:          + represents [1,20) endpoint(s)
Info: [ 49019,  50689) |*+
Info: [ 50689,  52359) |+
Info: [ 52359,  54029) |+
Info: [ 54029,  55699) | 
Info: [ 55699,  57369) |*+
Info: [ 57369,  59039) |+
Info: [ 59039,  60709) |+
Info: [ 60709,  62379) |+
Info: [ 62379,  64049) |+
Info: [ 64049,  65719) |****+
Info: [ 65719,  67389) |***+
Info: [ 67389,  69059) |*********+
Info: [ 69059,  70729) |**********************+
Info: [ 70729,  72399) |****************************+
Info: [ 72399,  74069) |**************************+
Info: [ 74069,  75739) |*********************************+
Info: [ 75739,  77409) |**********************************+
Info: [ 77409,  79079) |***************************************+
Info: [ 79079,  80749) |*************************************************+
Info: [ 80749,  82419) |************************************************************ 
Info: Checksum: 0x6ce91c1d

Info: Routing..
Info: Setting up routing queue.
Info: Routing 22577 arcs.
Info:            |   (re-)routed arcs  |   delta    | remaining|       time spent     |
Info:    IterCnt |  w/ripup   wo/ripup |  w/r  wo/r |      arcs| batch(sec) total(sec)|
Info:       1000 |       72        927 |   72   927 |     21693|       0.69       0.69|
Info:       2000 |      235       1764 |  163   837 |     20929|       0.41       1.10|
Info:       3000 |      385       2614 |  150   850 |     20170|       0.35       1.44|
Info:       4000 |      498       3501 |  113   887 |     19356|       0.35       1.79|
Info:       5000 |      613       4379 |  115   878 |     18526|       0.31       2.10|
Info:       6000 |      691       5182 |   78   803 |     17638|       0.12       2.21|
Info:       7000 |     1017       5849 |  326   667 |     17049|       0.15       2.37|
Info:       8000 |     1359       6504 |  342   655 |     16477|       0.10       2.47|
Info:       9000 |     1732       7130 |  373   626 |     15971|       0.18       2.65|
Info:      10000 |     2141       7721 |  409   591 |     15491|       0.12       2.77|
Info:      11000 |     2573       8288 |  432   567 |     15050|       0.12       2.89|
Info:      12000 |     2902       8959 |  329   671 |     14522|       0.15       3.04|
Info:      13000 |     3139       9666 |  237   707 |     13894|       0.28       3.31|
Info:      14000 |     3311      10494 |  172   828 |     13145|       0.26       3.57|
Info:      15000 |     3471      11333 |  160   839 |     12374|       0.31       3.88|
Info:      16000 |     3626      12039 |  155   706 |     11625|       0.22       4.10|
Info:      17000 |     3846      12724 |  220   685 |     10928|       0.20       4.29|
Info:      18000 |     4025      13526 |  179   802 |     10223|       0.27       4.56|
Info:      19000 |     4262      14237 |  237   711 |      9613|       0.58       5.14|
Info:      20000 |     4469      14982 |  207   745 |      8926|       0.44       5.58|
Info:      21000 |     4704      15690 |  235   708 |      8264|       0.31       5.89|
Info:      22000 |     4919      16433 |  215   743 |      7604|       0.30       6.19|
Info:      23000 |     5265      17086 |  346   653 |      7119|       0.38       6.57|
Info:      24000 |     5550      17785 |  285   699 |      6614|       0.26       6.84|
Info:      25000 |     5839      18496 |  289   711 |      6030|       0.32       7.16|
Info:      26000 |     6152      19183 |  313   687 |      5578|       0.33       7.48|
Info:      27000 |     6492      19818 |  340   635 |      5116|       0.26       7.74|
Info:      28000 |     6915      20383 |  423   565 |      4714|       0.30       8.04|
Info:      29000 |     7300      20988 |  385   605 |      4323|       0.25       8.29|
Info:      30000 |     7726      21534 |  426   546 |      3985|       0.33       8.62|
Info:      31000 |     8175      22083 |  449   549 |      3772|       0.44       9.07|
Info:      32000 |     8543      22714 |  368   631 |      3360|       0.39       9.46|
Info:      33000 |     8776      23475 |  233   761 |      2671|       0.19       9.65|
Info:      34000 |     9039      24204 |  263   729 |      1980|       0.20       9.84|
Info:      35000 |     9228      25015 |  189   811 |      1254|       0.49      10.33|
Info:      36000 |     9386      25857 |  158   842 |       487|       0.70      11.02|
Info:      36705 |     9522      26427 |  136   570 |         0|       0.39      11.42|
Info: Routing complete.
Info: Router1 time 11.42s
Info: Checksum: 0x92129a23

Info: Critical path report for clock 'clk$SB_IO_IN_$glb_clk' (posedge -> posedge):
Info:       type curr  total name
Info:   clk-to-q  0.54  0.54 Source nodes[0].conn0.u_cell.u_core.eg_tick_SB_DFF_Q_D_SB_LUT4_O_LC.O
Info:    routing  3.07  3.61 Net nodes[0].conn0.u_cell.u_core.act_SB_DFFESR_Q_10_D_SB_LUT4_O_I1_SB_LUT4_O_I2[0] (9,28) -> (15,11)
Info:                          Sink nodes[0].conn0.u_cell.u_core.eg_fire_SB_LUT4_I3_1_LC.I2
Info:                          Defined in:
Info:                               rtl/q_echo_gate.v:38.26-38.32
Info:      logic  0.38  3.99 Source nodes[0].conn0.u_cell.u_core.eg_fire_SB_LUT4_I3_1_LC.O
Info:    routing  0.96  4.95 Net nodes[0].conn0.u_cell.u_core.rq_train_SB_DFF_Q_D_SB_LUT4_O_I2_SB_CARRY_CO_I1_SB_CARRY_I1_CO_SB_LUT4_I2_O_SB_LUT4_I2_I1_SB_LUT4_O_I2_SB_LUT4_O_I3_SB_LUT4_O_I1_SB_LUT4_O_I1[2] (15,11) -> (15,13)
Info:                          Sink nodes[0].conn0.u_cell.u_core.rq_train_SB_DFF_Q_D_SB_LUT4_O_I2_SB_CARRY_CO_I1_SB_CARRY_I1_CO_SB_LUT4_I2_O_SB_LUT4_I2_I1_SB_LUT4_O_I3_SB_LUT4_O_I3_SB_LUT4_O_I3_SB_LUT4_O_I1_SB_LUT4_O_LC.I3
Info:                          Defined in:
Info:                               /home/eileen/tools/oss-cad-suite/lib/../share/yosys/ice40/cells_map.v:6.21-6.22
Info:      logic  0.31  5.26 Source nodes[0].conn0.u_cell.u_core.rq_train_SB_DFF_Q_D_SB_LUT4_O_I2_SB_CARRY_CO_I1_SB_CARRY_I1_CO_SB_LUT4_I2_O_SB_LUT4_I2_I1_SB_LUT4_O_I3_SB_LUT4_O_I3_SB_LUT4_O_I3_SB_LUT4_O_I1_SB_LUT4_O_LC.O
Info:    routing  0.59  5.85 Net nodes[0].conn0.u_cell.u_core.rq_train_SB_DFF_Q_D_SB_LUT4_O_I2_SB_CARRY_CO_I1_SB_CARRY_I1_CO_SB_LUT4_I2_O_SB_LUT4_I2_I1_SB_CARRY_I1_CO_SB_LUT4_I3_O_SB_LUT4_O_I2_SB_LUT4_O_I2_SB_LUT4_O_I2_SB_LUT4_O_I1[2] (15,13) -> (15,13)
Info:                          Sink nodes[0].conn0.u_cell.u_core.rq_train_SB_DFF_Q_D_SB_LUT4_O_I2_SB_CARRY_CO_I1_SB_CARRY_I1_CO_SB_LUT4_I2_O_SB_LUT4_I2_I1_SB_LUT4_O_I2_SB_LUT4_O_I3_SB_LUT4_O_I0_SB_LUT4_O_LC.I3
Info:                          Defined in:
Info:                               /home/eileen/tools/oss-cad-suite/lib/../share/yosys/ice40/cells_map.v:6.21-6.22
Info:      logic  0.31  6.17 Source nodes[0].conn0.u_cell.u_core.rq_train_SB_DFF_Q_D_SB_LUT4_O_I2_SB_CARRY_CO_I1_SB_CARRY_I1_CO_SB_LUT4_I2_O_SB_LUT4_I2_I1_SB_LUT4_O_I2_SB_LUT4_O_I3_SB_LUT4_O_I0_SB_LUT4_O_LC.O
Info:    routing  0.59  6.76 Net nodes[0].conn0.u_cell.u_core.rq_train_SB_DFF_Q_D_SB_LUT4_O_I2_SB_CARRY_CO_I1_SB_CARRY_I1_CO_SB_LUT4_I2_O_SB_LUT4_I2_I1_SB_CARRY_I1_CO_SB_LUT4_I3_I2_SB_LUT4_O_I2_SB_LUT4_O_I2_SB_LUT4_O_I3[1] (15,13) -> (14,13)
Info:                          Sink nodes[0].conn0.u_cell.u_core.rq_train_SB_DFF_Q_D_SB_LUT4_O_I2_SB_CARRY_CO_I1_SB_CARRY_I1_CO_SB_LUT4_I2_O_SB_LUT4_I2_I1_SB_CARRY_I1_CO_SB_LUT4_I3_I2_SB_LUT4_O_I2_SB_LUT4_O_I2_SB_LUT4_O_LC.I2
Info:                          Defined in:
Info:                               /home/eileen/tools/oss-cad-suite/lib/../share/yosys/ice40/cells_map.v:6.21-6.22
Info:      logic  0.38  7.13 Source nodes[0].conn0.u_cell.u_core.rq_train_SB_DFF_Q_D_SB_LUT4_O_I2_SB_CARRY_CO_I1_SB_CARRY_I1_CO_SB_LUT4_I2_O_SB_LUT4_I2_I1_SB_CARRY_I1_CO_SB_LUT4_I3_I2_SB_LUT4_O_I2_SB_LUT4_O_I2_SB_LUT4_O_LC.O
Info:    routing  0.59  7.72 Net nodes[0].conn0.u_cell.u_core.rq_train_SB_DFF_Q_D_SB_LUT4_O_I2_SB_CARRY_CO_I1_SB_CARRY_I1_CO_SB_LUT4_I2_O_SB_LUT4_I2_I1_SB_CARRY_I1_CO_SB_LUT4_I3_I2_SB_LUT4_O_I2_SB_LUT4_O_I2[2] (14,13) -> (14,13)
Info:                          Sink nodes[0].conn0.u_cell.u_core.rq_train_SB_DFF_Q_D_SB_LUT4_O_I2_SB_CARRY_CO_I1_SB_CARRY_I1_CO_SB_LUT4_I2_O_SB_LUT4_I2_I1_SB_CARRY_I1_CO_SB_LUT4_I3_I2_SB_LUT4_O_I2_SB_LUT4_O_LC.I2
Info:                          Defined in:
Info:                               /home/eileen/tools/oss-cad-suite/lib/../share/yosys/ice40/cells_map.v:6.21-6.22
Info:      logic  0.38  8.10 Source nodes[0].conn0.u_cell.u_core.rq_train_SB_DFF_Q_D_SB_LUT4_O_I2_SB_CARRY_CO_I1_SB_CARRY_I1_CO_SB_LUT4_I2_O_SB_LUT4_I2_I1_SB_CARRY_I1_CO_SB_LUT4_I3_I2_SB_LUT4_O_I2_SB_LUT4_O_LC.O
Info:    routing  0.59  8.69 Net nodes[0].conn0.u_cell.u_core.rq_train_SB_DFF_Q_D_SB_LUT4_O_I2_SB_CARRY_CO_I1_SB_CARRY_I1_CO_SB_LUT4_I2_O_SB_LUT4_I2_I1_SB_CARRY_I1_CO_SB_LUT4_I3_I2_SB_LUT4_O_I2[1] (14,13) -> (14,13)
Info:                          Sink nodes[0].conn0.u_cell.u_core.rq_train_SB_DFF_Q_D_SB_LUT4_O_I2_SB_CARRY_CO_I1_SB_CARRY_I1_CO_SB_LUT4_I2_O_SB_LUT4_I2_I1_SB_CARRY_I1_CO_SB_LUT4_I3_I2_SB_LUT4_O_I3_SB_LUT4_I3_LC.I2
Info:                          Defined in:
Info:                               /home/eileen/tools/oss-cad-suite/lib/../share/yosys/ice40/cells_map.v:6.21-6.22
Info:      logic  0.38  9.07 Source nodes[0].conn0.u_cell.u_core.rq_train_SB_DFF_Q_D_SB_LUT4_O_I2_SB_CARRY_CO_I1_SB_CARRY_I1_CO_SB_LUT4_I2_O_SB_LUT4_I2_I1_SB_CARRY_I1_CO_SB_LUT4_I3_I2_SB_LUT4_O_I3_SB_LUT4_I3_LC.O
Info:    routing  1.27  10.34 Net nodes[0].conn0.u_cell.u_core.rq_train_SB_DFF_Q_D_SB_LUT4_O_I2_SB_CARRY_CO_I1_SB_CARRY_I1_CO_SB_LUT4_I2_O_SB_LUT4_I2_I1_SB_CARRY_I1_CO_SB_LUT4_I3_I2_SB_LUT4_O_I3_SB_LUT4_I3_O[1] (14,13) -> (10,12)
Info:                          Sink nodes[0].conn0.u_cell.u_core.rq_train_SB_DFF_Q_D_SB_LUT4_O_I2_SB_CARRY_CO_I1_SB_CARRY_I1_CO_SB_LUT4_I2_O_SB_LUT4_I2_I1_SB_CARRY_I1_CO_SB_LUT4_I3_I2_SB_LUT4_O_I3_SB_LUT4_I3_O_SB_LUT4_I1_LC.I1
Info:                          Defined in:
Info:                               rtl/q_cell_core.v:193.27-193.59
Info:                               /home/eileen/tools/oss-cad-suite/lib/../share/yosys/ice40/arith_map.v:62.5-70.4
Info:                               /home/eileen/tools/oss-cad-suite/lib/../share/yosys/ice40/cells_map.v:6.21-6.22
Info:      logic  0.26  10.60 Source nodes[0].conn0.u_cell.u_core.rq_train_SB_DFF_Q_D_SB_LUT4_O_I2_SB_CARRY_CO_I1_SB_CARRY_I1_CO_SB_LUT4_I2_O_SB_LUT4_I2_I1_SB_CARRY_I1_CO_SB_LUT4_I3_I2_SB_LUT4_O_I3_SB_LUT4_I3_O_SB_LUT4_I1_LC.COUT
Info:    routing  0.00  10.60 Net nodes[0].conn0.u_cell.u_core.rq_train_SB_DFF_Q_D_SB_LUT4_O_I2_SB_CARRY_CO_I1_SB_CARRY_I1_CO_SB_LUT4_I2_O_SB_LUT4_I2_I1_SB_CARRY_I1_CO_SB_LUT4_I3_I2_SB_LUT4_O_I3_SB_LUT4_I3_O_SB_CARRY_I0_CO (10,12) -> (10,12)
Info:                          Sink nodes[0].conn0.u_cell.u_core.rq_train_SB_DFF_Q_D_SB_LUT4_O_I2_SB_CARRY_CO_I1_SB_CARRY_I1_CO_SB_LUT4_I2_O_SB_LUT4_I2_I1_SB_CARRY_I1_CO_SB_LUT4_I3_O_SB_LUT4_O_I2_SB_LUT4_O_I3_SB_LUT4_I3_O_SB_LUT4_I1_LC.CIN
Info:                          Defined in:
Info:                               rtl/q_cell_core.v:193.27-193.59
Info:                               /home/eileen/tools/oss-cad-suite/lib/../share/yosys/ice40/arith_map.v:62.5-70.4
Info:                               /home/eileen/tools/oss-cad-suite/lib/../share/yosys/ice40/cells_map.v:6.21-6.22
Info:      logic  0.13  10.73 Source nodes[0].conn0.u_cell.u_core.rq_train_SB_DFF_Q_D_SB_LUT4_O_I2_SB_CARRY_CO_I1_SB_CARRY_I1_CO_SB_LUT4_I2_O_SB_LUT4_I2_I1_SB_CARRY_I1_CO_SB_LUT4_I3_O_SB_LUT4_O_I2_SB_LUT4_O_I3_SB_LUT4_I3_O_SB_LUT4_I1_LC.COUT
Info:    routing  0.00  10.73 Net nodes[0].conn0.u_cell.u_core.rq_train_SB_DFF_Q_D_SB_LUT4_O_I2_SB_CARRY_CO_I1_SB_CARRY_I1_CO_SB_LUT4_I2_O_SB_LUT4_I2_I1_SB_CARRY_I1_CO_SB_LUT4_I3_O_SB_LUT4_O_I2_SB_LUT4_O_I3_SB_LUT4_I3_O_SB_CARRY_I0_CO (10,12) -> (10,12)
Info:                          Sink nodes[0].conn0.u_cell.u_core.rq_train_SB_DFF_Q_D_SB_LUT4_O_I2_SB_CARRY_CO_I1_SB_CARRY_I1_CO_SB_LUT4_I2_O_SB_LUT4_I2_I1_SB_CARRY_I1_CO_SB_CARRY_CI_CO_SB_CARRY_CI_CO_SB_LUT4_I3_I2_SB_LUT4_O_I3_SB_LUT4_I3_O_SB_LUT4_I1_LC.CIN
Info:                          Defined in:
Info:                               rtl/q_cell_core.v:193.27-193.59
Info:                               /home/eileen/tools/oss-cad-suite/lib/../share/yosys/ice40/arith_map.v:62.5-70.4
Info:                               /home/eileen/tools/oss-cad-suite/lib/../share/yosys/ice40/abc9_model.v:4.9-4.11
Info:      logic  0.13  10.85 Source nodes[0].conn0.u_cell.u_core.rq_train_SB_DFF_Q_D_SB_LUT4_O_I2_SB_CARRY_CO_I1_SB_CARRY_I1_CO_SB_LUT4_I2_O_SB_LUT4_I2_I1_SB_CARRY_I1_CO_SB_CARRY_CI_CO_SB_CARRY_CI_CO_SB_LUT4_I3_I2_SB_LUT4_O_I3_SB_LUT4_I3_O_SB_LUT4_I1_LC.COUT
Info:    routing  0.00  10.85 Net nodes[0].conn0.u_cell.u_core.rq_train_SB_DFF_Q_D_SB_LUT4_O_I2_SB_CARRY_CO_I1_SB_CARRY_I1_CO_SB_LUT4_I2_O_SB_LUT4_I2_I1_SB_CARRY_I1_CO_SB_CARRY_CI_CO_SB_CARRY_CI_CO_SB_LUT4_I3_I2_SB_LUT4_O_I3_SB_LUT4_I3_O_SB_CARRY_I0_CO (10,12) -> (10,12)
Info:                          Sink nodes[0].conn0.u_cell.u_core.rq_train_SB_DFF_Q_D_SB_LUT4_O_I2_SB_CARRY_CO_I1_SB_CARRY_I1_CO_SB_LUT4_I2_O_SB_LUT4_I2_I1_SB_LUT4_O_I3_SB_LUT4_O_I3_SB_LUT4_I3_O_SB_LUT4_I3_1_O_SB_LUT4_I1_LC.CIN
Info:                          Defined in:
Info:                               rtl/q_cell_core.v:193.27-193.59
Info:                               /home/eileen/tools/oss-cad-suite/lib/../share/yosys/ice40/arith_map.v:62.5-70.4
Info:                               /home/eileen/tools/oss-cad-suite/lib/../share/yosys/ice40/abc9_model.v:4.9-4.11
Info:      logic  0.13  10.98 Source nodes[0].conn0.u_cell.u_core.rq_train_SB_DFF_Q_D_SB_LUT4_O_I2_SB_CARRY_CO_I1_SB_CARRY_I1_CO_SB_LUT4_I2_O_SB_LUT4_I2_I1_SB_LUT4_O_I3_SB_LUT4_O_I3_SB_LUT4_I3_O_SB_LUT4_I3_1_O_SB_LUT4_I1_LC.COUT
Info:    routing  0.00  10.98 Net nodes[0].conn0.u_cell.u_core.rq_train_SB_DFF_Q_D_SB_LUT4_O_I2_SB_CARRY_CO_I1_SB_CARRY_I1_CO_SB_LUT4_I2_O_SB_LUT4_I2_I1_SB_CARRY_I1_CO_SB_LUT4_I3_I2_SB_LUT4_O_I2_SB_LUT4_O_I3_SB_LUT4_I2_O_SB_LUT4_I2_O[3] (10,12) -> (10,12)
Info:                          Sink nodes[0].conn0.u_cell.u_core.rq_train_SB_DFF_Q_D_SB_LUT4_O_I2_SB_CARRY_CO_I1_SB_CARRY_I1_CO_SB_LUT4_I2_O_SB_LUT4_I2_I1_SB_LUT4_O_I3_SB_LUT4_O_I3_SB_LUT4_I3_O_SB_LUT4_I3_1_O_SB_CARRY_I0_CO_SB_LUT4_I3_LC.CIN
Info:                          Defined in:
Info:                               rtl/q_cell_core.v:193.27-193.59
Info:                               /home/eileen/tools/oss-cad-suite/lib/../share/yosys/ice40/arith_map.v:62.5-70.4
Info:                               /home/eileen/tools/oss-cad-suite/lib/../share/yosys/ice40/abc9_model.v:4.9-4.11
Info:      logic  0.13  11.10 Source nodes[0].conn0.u_cell.u_core.rq_train_SB_DFF_Q_D_SB_LUT4_O_I2_SB_CARRY_CO_I1_SB_CARRY_I1_CO_SB_LUT4_I2_O_SB_LUT4_I2_I1_SB_LUT4_O_I3_SB_LUT4_O_I3_SB_LUT4_I3_O_SB_LUT4_I3_1_O_SB_CARRY_I0_CO_SB_LUT4_I3_LC.COUT
Info:    routing  0.00  11.10 Net nodes[0].conn0.u_cell.u_core.rq_train_SB_DFF_Q_D_SB_LUT4_O_I2_SB_CARRY_CO_I1_SB_CARRY_I1_CO_SB_LUT4_I2_O_SB_LUT4_I2_I1_SB_LUT4_O_I3_SB_LUT4_I3_O_SB_LUT4_I2_O_SB_LUT4_O_I3_SB_CARRY_CO_I1_SB_LUT4_I3_O[3] (10,12) -> (10,12)
Info:                          Sink nodes[0].conn0.u_cell.u_core.rq_train_SB_DFF_Q_D_SB_LUT4_O_I2_SB_CARRY_CO_I1_SB_CARRY_I1_CO_SB_LUT4_I2_O_SB_LUT4_I2_I1_SB_LUT4_O_I3_SB_LUT4_I3_O_SB_LUT4_I2_O_SB_LUT4_O_I3_SB_CARRY_CO_I1_SB_LUT4_I3_O_SB_LUT4_I1_LC.CIN
Info:                          Defined in:
Info:                               rtl/q_cell_core.v:193.27-193.59
Info:                               /home/eileen/tools/oss-cad-suite/lib/../share/yosys/ice40/arith_map.v:62.5-70.4
Info:                               /home/eileen/tools/oss-cad-suite/lib/../share/yosys/ice40/abc9_model.v:4.9-4.11
Info:      logic  0.13  11.23 Source nodes[0].conn0.u_cell.u_core.rq_train_SB_DFF_Q_D_SB_LUT4_O_I2_SB_CARRY_CO_I1_SB_CARRY_I1_CO_SB_LUT4_I2_O_SB_LUT4_I2_I1_SB_LUT4_O_I3_SB_LUT4_I3_O_SB_LUT4_I2_O_SB_LUT4_O_I3_SB_CARRY_CO_I1_SB_LUT4_I3_O_SB_LUT4_I1_LC.COUT
Info:    routing  0.00  11.23 Net nodes[0].conn0.u_cell.u_core.rq_train_SB_DFF_Q_D_SB_LUT4_O_I2_SB_CARRY_CO_I1_SB_CARRY_I1_CO_SB_LUT4_I2_O_SB_LUT4_I2_I1_SB_LUT4_O_I3_SB_LUT4_I3_O_SB_LUT4_I2_O_SB_LUT4_O_I2_SB_LUT4_I3_O[3] (10,12) -> (10,12)
Info:                          Sink nodes[0].conn0.u_cell.u_core.rq_train_SB_DFF_Q_D_SB_LUT4_O_I2_SB_CARRY_CO_I1_SB_CARRY_I1_CO_SB_LUT4_I2_O_SB_LUT4_I2_I1_SB_LUT4_O_I3_SB_LUT4_I3_O_SB_LUT4_I2_O_SB_LUT4_O_I2_SB_LUT4_I3_O_SB_LUT4_I1_LC.CIN
Info:                          Defined in:
Info:                               rtl/q_cell_core.v:193.27-193.59
Info:                               /home/eileen/tools/oss-cad-suite/lib/../share/yosys/ice40/arith_map.v:62.5-70.4
Info:                               /home/eileen/tools/oss-cad-suite/lib/../share/yosys/ice40/abc9_model.v:4.9-4.11
Info:      logic  0.13  11.35 Source nodes[0].conn0.u_cell.u_core.rq_train_SB_DFF_Q_D_SB_LUT4_O_I2_SB_CARRY_CO_I1_SB_CARRY_I1_CO_SB_LUT4_I2_O_SB_LUT4_I2_I1_SB_LUT4_O_I3_SB_LUT4_I3_O_SB_LUT4_I2_O_SB_LUT4_O_I2_SB_LUT4_I3_O_SB_LUT4_I1_LC.COUT
Info:    routing  0.20  11.55 Net nodes[0].conn0.u_cell.u_core.rq_train_SB_DFF_Q_D_SB_LUT4_O_I2_SB_CARRY_CO_I1_SB_CARRY_I1_CO_SB_LUT4_I2_O_SB_LUT4_I2_I1_SB_LUT4_O_I3_SB_LUT4_I3_O_SB_LUT4_I2_O_SB_LUT4_O_I2_SB_LUT4_I3_O_SB_CARRY_I0_CO (10,12) -> (10,13)
Info:                          Sink nodes[0].conn0.u_cell.u_core.rq_train_SB_DFF_Q_D_SB_LUT4_O_I2_SB_CARRY_CO_I1_SB_CARRY_I1_CO_SB_LUT4_I2_O_SB_LUT4_I2_I1_SB_LUT4_O_I3_SB_LUT4_I3_O_SB_LUT4_I3_O_SB_LUT4_I1_LC.CIN
Info:                          Defined in:
Info:                               rtl/q_cell_core.v:193.27-193.59
Info:                               /home/eileen/tools/oss-cad-suite/lib/../share/yosys/ice40/arith_map.v:62.5-70.4
Info:                               /home/eileen/tools/oss-cad-suite/lib/../share/yosys/ice40/cells_map.v:6.21-6.22
Info:      logic  0.13  11.68 Source nodes[0].conn0.u_cell.u_core.rq_train_SB_DFF_Q_D_SB_LUT4_O_I2_SB_CARRY_CO_I1_SB_CARRY_I1_CO_SB_LUT4_I2_O_SB_LUT4_I2_I1_SB_LUT4_O_I3_SB_LUT4_I3_O_SB_LUT4_I3_O_SB_LUT4_I1_LC.COUT
Info:    routing  0.00  11.68 Net nodes[0].conn0.u_cell.u_core.rq_train_SB_DFF_Q_D_SB_LUT4_O_I2_SB_CARRY_CO_I1_SB_CARRY_I1_CO_SB_LUT4_I2_O_SB_LUT4_I2_I1_SB_LUT4_O_I3_SB_LUT4_I3_O_SB_CARRY_I1_CO_SB_LUT4_I3_I2_SB_LUT4_I3_O[3] (10,13) -> (10,13)
Info:                          Sink nodes[0].conn0.u_cell.u_core.rq_train_SB_DFF_Q_D_SB_LUT4_O_I2_SB_CARRY_CO_I1_SB_CARRY_I1_CO_SB_LUT4_I2_O_SB_LUT4_I2_I1_SB_LUT4_O_I3_SB_LUT4_I3_O_SB_CARRY_I1_CO_SB_LUT4_I3_I2_SB_LUT4_I3_O_SB_LUT4_I1_LC.CIN
Info:                          Defined in:
Info:                               rtl/q_cell_core.v:193.27-193.59
Info:                               /home/eileen/tools/oss-cad-suite/lib/../share/yosys/ice40/arith_map.v:62.5-70.4
Info:                               /home/eileen/tools/oss-cad-suite/lib/../share/yosys/ice40/abc9_model.v:4.9-4.11
Info:      logic  0.13  11.80 Source nodes[0].conn0.u_cell.u_core.rq_train_SB_DFF_Q_D_SB_LUT4_O_I2_SB_CARRY_CO_I1_SB_CARRY_I1_CO_SB_LUT4_I2_O_SB_LUT4_I2_I1_SB_LUT4_O_I3_SB_LUT4_I3_O_SB_CARRY_I1_CO_SB_LUT4_I3_I2_SB_LUT4_I3_O_SB_LUT4_I1_LC.COUT
Info:    routing  0.00  11.80 Net nodes[0].conn0.u_cell.u_core.rq_train_SB_DFF_Q_D_SB_LUT4_O_I2_SB_CARRY_CO_I1_SB_CARRY_I1_CO_SB_LUT4_I2_O_SB_LUT4_I2_I1_SB_LUT4_O_I3_SB_LUT4_I3_O_SB_CARRY_I1_CO_SB_LUT4_I3_I2_SB_LUT4_I3_O_SB_CARRY_I0_CO (10,13) -> (10,13)
Info:                          Sink nodes[0].conn0.u_cell.u_core.rq_train_SB_DFF_Q_D_SB_LUT4_O_I2_SB_CARRY_CO_I1_SB_CARRY_I1_CO_SB_LUT4_I2_O_SB_LUT4_I2_I1_SB_LUT4_O_I3_SB_LUT4_I3_O_SB_CARRY_I1_CO_SB_LUT4_I3_O_SB_LUT4_O_I2_SB_LUT4_I3_O_SB_LUT4_I1_LC.CIN
Info:                          Defined in:
Info:                               rtl/q_cell_core.v:193.27-193.59
Info:                               /home/eileen/tools/oss-cad-suite/lib/../share/yosys/ice40/arith_map.v:62.5-70.4
Info:                               /home/eileen/tools/oss-cad-suite/lib/../share/yosys/ice40/cells_map.v:6.21-6.22
Info:      logic  0.13  11.93 Source nodes[0].conn0.u_cell.u_core.rq_train_SB_DFF_Q_D_SB_LUT4_O_I2_SB_CARRY_CO_I1_SB_CARRY_I1_CO_SB_LUT4_I2_O_SB_LUT4_I2_I1_SB_LUT4_O_I3_SB_LUT4_I3_O_SB_CARRY_I1_CO_SB_LUT4_I3_O_SB_LUT4_O_I2_SB_LUT4_I3_O_SB_LUT4_I1_LC.COUT
Info:    routing  0.00  11.93 Net nodes[0].conn0.u_cell.u_core.rq_train_SB_DFF_Q_D_SB_LUT4_O_I2_SB_CARRY_CO_I1_SB_CARRY_I1_CO_SB_LUT4_I2_O_SB_LUT4_I2_I1_SB_LUT4_O_I3_SB_LUT4_I3_O_SB_CARRY_I1_CO_SB_CARRY_CI_CO_SB_CARRY_CI_CO_SB_LUT4_I3_I2_SB_LUT4_I3_O[3] (10,13) -> (10,13)
Info:                          Sink nodes[0].conn0.u_cell.u_core.rq_train_SB_DFF_Q_D_SB_LUT4_O_I2_SB_CARRY_CO_I1_SB_CARRY_I1_CO_SB_LUT4_I2_O_SB_LUT4_I2_I1_SB_LUT4_O_I3_SB_LUT4_I3_O_SB_CARRY_I1_CO_SB_CARRY_CI_CO_SB_CARRY_CI_CO_SB_LUT4_I3_I2_SB_LUT4_I3_O_SB_LUT4_I1_LC.CIN
Info:                          Defined in:
Info:                               rtl/q_cell_core.v:193.27-193.59
Info:                               /home/eileen/tools/oss-cad-suite/lib/../share/yosys/ice40/arith_map.v:62.5-70.4
Info:                               /home/eileen/tools/oss-cad-suite/lib/../share/yosys/ice40/abc9_model.v:4.9-4.11
Info:      logic  0.13  12.06 Source nodes[0].conn0.u_cell.u_core.rq_train_SB_DFF_Q_D_SB_LUT4_O_I2_SB_CARRY_CO_I1_SB_CARRY_I1_CO_SB_LUT4_I2_O_SB_LUT4_I2_I1_SB_LUT4_O_I3_SB_LUT4_I3_O_SB_CARRY_I1_CO_SB_CARRY_CI_CO_SB_CARRY_CI_CO_SB_LUT4_I3_I2_SB_LUT4_I3_O_SB_LUT4_I1_LC.COUT
Info:    routing  0.00  12.06 Net nodes[0].conn0.u_cell.u_core.rq_train_SB_DFF_Q_D_SB_LUT4_O_I2_SB_CARRY_CO_I1_SB_CARRY_I1_CO_SB_LUT4_I2_O_SB_LUT4_I2_I1_SB_LUT4_O_I3_SB_LUT4_I3_O_SB_CARRY_I1_CO_SB_CARRY_CI_CO_SB_CARRY_CI_CO_SB_LUT4_I3_I2_SB_LUT4_I3_O_SB_CARRY_I0_CO (10,13) -> (10,13)
Info:                          Sink nodes[0].conn0.u_cell.u_core.rq_train_SB_DFF_Q_D_SB_LUT4_O_I2_SB_CARRY_CO_I1_SB_CARRY_I1_CO_SB_LUT4_I2_O_SB_LUT4_I2_I1_SB_LUT4_O_I3_SB_LUT4_O_I3_SB_LUT4_I3_O_SB_LUT4_I3_I2_SB_LUT4_I3_O_SB_LUT4_I3_O_SB_LUT4_I1_LC.CIN
Info:                          Defined in:
Info:                               rtl/q_cell_core.v:193.27-193.59
Info:                               /home/eileen/tools/oss-cad-suite/lib/../share/yosys/ice40/arith_map.v:62.5-70.4
Info:                               /home/eileen/tools/oss-cad-suite/lib/../share/yosys/ice40/cells_map.v:6.21-6.22
Info:      logic  0.13  12.18 Source nodes[0].conn0.u_cell.u_core.rq_train_SB_DFF_Q_D_SB_LUT4_O_I2_SB_CARRY_CO_I1_SB_CARRY_I1_CO_SB_LUT4_I2_O_SB_LUT4_I2_I1_SB_LUT4_O_I3_SB_LUT4_O_I3_SB_LUT4_I3_O_SB_LUT4_I3_I2_SB_LUT4_I3_O_SB_LUT4_I3_O_SB_LUT4_I1_LC.COUT
Info:    routing  0.00  12.18 Net nodes[0].conn0.u_cell.u_core.rq_train_SB_DFF_Q_D_SB_LUT4_O_I2_SB_CARRY_CO_I1_SB_CARRY_I1_CO_SB_LUT4_I2_O_SB_LUT4_I2_I1_SB_CARRY_I1_CO_SB_LUT4_I3_I2_SB_LUT4_O_I2_SB_LUT4_O_I2_SB_LUT4_I3_O_SB_LUT4_I3_O[3] (10,13) -> (10,13)
Info:                          Sink nodes[0].conn0.u_cell.u_core.rq_train_SB_DFF_Q_D_SB_LUT4_O_I2_SB_CARRY_CO_I1_SB_CARRY_I1_CO_SB_LUT4_I2_O_SB_LUT4_I2_I1_SB_CARRY_I1_CO_SB_LUT4_I3_I2_SB_LUT4_O_I2_SB_LUT4_O_I2_SB_LUT4_I3_O_SB_LUT4_I3_O_SB_LUT4_I1_LC.CIN
Info:                          Defined in:
Info:                               rtl/q_cell_core.v:193.27-193.59
Info:                               /home/eileen/tools/oss-cad-suite/lib/../share/yosys/ice40/arith_map.v:62.5-70.4
Info:                               /home/eileen/tools/oss-cad-suite/lib/../share/yosys/ice40/abc9_model.v:4.9-4.11
Info:      logic  0.13  12.31 Source nodes[0].conn0.u_cell.u_core.rq_train_SB_DFF_Q_D_SB_LUT4_O_I2_SB_CARRY_CO_I1_SB_CARRY_I1_CO_SB_LUT4_I2_O_SB_LUT4_I2_I1_SB_CARRY_I1_CO_SB_LUT4_I3_I2_SB_LUT4_O_I2_SB_LUT4_O_I2_SB_LUT4_I3_O_SB_LUT4_I3_O_SB_LUT4_I1_LC.COUT
Info:    routing  0.00  12.31 Net nodes[0].conn0.u_cell.u_core.rq_train_SB_DFF_Q_D_SB_LUT4_O_I2_SB_CARRY_CO_I1_SB_CARRY_I1_CO_SB_LUT4_I2_O_SB_LUT4_I2_I1_SB_CARRY_I1_CO_SB_LUT4_I3_I2_SB_LUT4_O_I2_SB_LUT4_O_I2_SB_LUT4_I3_O_SB_LUT4_I3_O_SB_CARRY_I0_CO (10,13) -> (10,13)
Info:                          Sink nodes[0].conn0.u_cell.u_core.rq_train_SB_DFF_Q_D_SB_LUT4_O_I2_SB_CARRY_CO_I1_SB_CARRY_I1_CO_SB_LUT4_I2_O_SB_LUT4_I2_I1_SB_LUT4_O_I3_SB_LUT4_I3_O_SB_LUT4_I2_O_SB_LUT4_O_I3_SB_CARRY_CO_I1_SB_LUT4_O_I2_SB_LUT4_I3_O_SB_LUT4_I3_O_SB_LUT4_I1_LC.CIN
Info:                          Defined in:
Info:                               rtl/q_cell_core.v:193.27-193.59
Info:                               /home/eileen/tools/oss-cad-suite/lib/../share/yosys/ice40/arith_map.v:62.5-70.4
Info:                               /home/eileen/tools/oss-cad-suite/lib/../share/yosys/ice40/cells_map.v:6.21-6.22
Info:      logic  0.13  12.43 Source nodes[0].conn0.u_cell.u_core.rq_train_SB_DFF_Q_D_SB_LUT4_O_I2_SB_CARRY_CO_I1_SB_CARRY_I1_CO_SB_LUT4_I2_O_SB_LUT4_I2_I1_SB_LUT4_O_I3_SB_LUT4_I3_O_SB_LUT4_I2_O_SB_LUT4_O_I3_SB_CARRY_CO_I1_SB_LUT4_O_I2_SB_LUT4_I3_O_SB_LUT4_I3_O_SB_LUT4_I1_LC.COUT
Info:    routing  0.00  12.43 Net nodes[0].conn0.u_cell.u_core.rq_train_SB_DFF_Q_D_SB_LUT4_O_I2_SB_CARRY_CO_I1_SB_CARRY_I1_CO_SB_LUT4_I2_O_SB_LUT4_I2_I1_SB_CARRY_I1_CO_SB_LUT4_I3_I2_SB_LUT4_O_I2_SB_LUT4_O_I2_SB_LUT4_I3_O_SB_LUT4_I2_O_SB_LUT4_O_I2_SB_LUT4_I3_O[3] (10,13) -> (10,13)
Info:                          Sink nodes[0].conn0.u_cell.u_core.rq_train_SB_DFF_Q_D_SB_LUT4_O_I2_SB_CARRY_CO_I1_SB_CARRY_I1_CO_SB_LUT4_I2_O_SB_LUT4_I2_I1_SB_CARRY_I1_CO_SB_LUT4_I3_I2_SB_LUT4_O_I2_SB_LUT4_O_I2_SB_LUT4_I3_O_SB_LUT4_I2_O_SB_LUT4_O_I2_SB_LUT4_I3_O_SB_LUT4_I1_LC.CIN
Info:                          Defined in:
Info:                               rtl/q_cell_core.v:193.27-193.59
Info:                               /home/eileen/tools/oss-cad-suite/lib/../share/yosys/ice40/arith_map.v:62.5-70.4
Info:                               /home/eileen/tools/oss-cad-suite/lib/../share/yosys/ice40/abc9_model.v:4.9-4.11
Info:      logic  0.13  12.56 Source nodes[0].conn0.u_cell.u_core.rq_train_SB_DFF_Q_D_SB_LUT4_O_I2_SB_CARRY_CO_I1_SB_CARRY_I1_CO_SB_LUT4_I2_O_SB_LUT4_I2_I1_SB_CARRY_I1_CO_SB_LUT4_I3_I2_SB_LUT4_O_I2_SB_LUT4_O_I2_SB_LUT4_I3_O_SB_LUT4_I2_O_SB_LUT4_O_I2_SB_LUT4_I3_O_SB_LUT4_I1_LC.COUT
Info:    routing  0.46  13.01 Net $nextpnr_ICESTORM_LC_20$I3 (10,13) -> (10,14)
Info:                          Sink $nextpnr_ICESTORM_LC_20.I3
Info:      logic  0.31  13.33 Source $nextpnr_ICESTORM_LC_20.O
Info:    routing  1.27  14.60 Net nodes[0].conn0.u_cell.u_core.rq_train_SB_DFF_Q_D_SB_LUT4_O_I2_SB_CARRY_CO_I1_SB_CARRY_I1_CO_SB_LUT4_I2_O_SB_LUT4_I2_I1_SB_CARRY_I1_CO_SB_CARRY_CI_CO_SB_CARRY_CI_CO_SB_LUT4_I3_I2_SB_LUT4_O_I3_SB_LUT4_I3_O_SB_LUT4_I1_O[1] (10,14) -> (6,10)
Info:                          Sink nodes[0].conn0.u_cell.u_core.rq_train_SB_DFF_Q_D_SB_LUT4_O_I2_SB_CARRY_CO_I1_SB_CARRY_I1_CO_SB_LUT4_I2_O_SB_LUT4_I2_I1_SB_LUT4_O_I3_SB_LUT4_O_I3_SB_LUT4_I3_O_SB_LUT4_I3_1_O_SB_CARRY_I0_CO_SB_LUT4_I3_O_SB_LUT4_I2_5_LC.I3
Info:                          Defined in:
Info:                               /home/eileen/tools/oss-cad-suite/lib/../share/yosys/ice40/cells_map.v:6.21-6.22
Info:      logic  0.31  14.92 Source nodes[0].conn0.u_cell.u_core.rq_train_SB_DFF_Q_D_SB_LUT4_O_I2_SB_CARRY_CO_I1_SB_CARRY_I1_CO_SB_LUT4_I2_O_SB_LUT4_I2_I1_SB_LUT4_O_I3_SB_LUT4_O_I3_SB_LUT4_I3_O_SB_LUT4_I3_1_O_SB_CARRY_I0_CO_SB_LUT4_I3_O_SB_LUT4_I2_5_LC.O
Info:    routing  1.59  16.51 Net nodes[0].conn0.u_cell.u_core.act_SB_DFFESR_Q_D_SB_LUT4_O_I2_SB_LUT4_O_I2_SB_LUT4_O_I3_SB_CARRY_CO_CI_SB_CARRY_CO_I0_SB_LUT4_O_I3_SB_LUT4_O_I3_SB_LUT4_I2_I3_SB_LUT4_O_I3_SB_LUT4_I3_O_SB_LUT4_O_I3_SB_LUT4_I3_O_SB_LUT4_O_I3_SB_LUT4_I3_O_SB_LUT4_O_I3_SB_LUT4_I3_O_SB_LUT4_O_I3_SB_LUT4_I3_O_SB_LUT4_I2_O_SB_LUT4_O_I3_SB_LUT4_I3_O_SB_LUT4_O_I3_SB_LUT4_I3_O_SB_LUT4_O_I3_SB_LUT4_I3_O_SB_LUT4_O_I3[1] (6,10) -> (11,11)
Info:                          Sink nodes[0].conn0.u_cell.u_core.rq_train_SB_DFF_Q_D_SB_LUT4_O_I2_SB_CARRY_CO_I1_SB_CARRY_I1_CO_SB_LUT4_I2_O_SB_LUT4_I2_I1_SB_LUT4_O_I3_SB_LUT4_O_I3_SB_LUT4_I3_O_SB_LUT4_I3_1_O_SB_LUT4_I1_O_SB_LUT4_I2_3_O_SB_LUT4_I1_1_LC.I3
Info:                          Defined in:
Info:                               /home/eileen/tools/oss-cad-suite/lib/../share/yosys/ice40/cells_map.v:6.21-6.22
Info:      logic  0.31  16.82 Source nodes[0].conn0.u_cell.u_core.rq_train_SB_DFF_Q_D_SB_LUT4_O_I2_SB_CARRY_CO_I1_SB_CARRY_I1_CO_SB_LUT4_I2_O_SB_LUT4_I2_I1_SB_LUT4_O_I3_SB_LUT4_O_I3_SB_LUT4_I3_O_SB_LUT4_I3_1_O_SB_LUT4_I1_O_SB_LUT4_I2_3_O_SB_LUT4_I1_1_LC.O
Info:    routing  0.59  17.41 Net nodes[0].conn0.u_cell.u_core.rq_train_SB_DFF_Q_D_SB_LUT4_O_I2_SB_CARRY_CO_I1_SB_CARRY_I1_CO_SB_LUT4_I2_O_SB_LUT4_I2_I1_SB_LUT4_O_I3_SB_LUT4_I3_O_SB_LUT4_I3_O_SB_LUT4_I1_O_SB_LUT4_I1_O_SB_LUT4_I2_O[0] (11,11) -> (11,12)
Info:                          Sink nodes[0].conn0.u_cell.u_core.rq_train_SB_DFF_Q_D_SB_LUT4_O_I2_SB_CARRY_CO_I1_SB_CARRY_I1_CO_SB_LUT4_I2_O_SB_LUT4_I2_I1_SB_LUT4_O_I3_SB_LUT4_I3_O_SB_CARRY_I1_CO_SB_LUT4_I3_O_SB_LUT4_O_I2_SB_LUT4_I3_O_SB_LUT4_I1_O_SB_LUT4_I2_O_SB_LUT4_I0_O_SB_LUT4_O_LC.I2
Info:                          Defined in:
Info:                               /home/eileen/tools/oss-cad-suite/lib/../share/yosys/ice40/cells_map.v:6.21-6.22
Info:      logic  0.38  17.79 Source nodes[0].conn0.u_cell.u_core.rq_train_SB_DFF_Q_D_SB_LUT4_O_I2_SB_CARRY_CO_I1_SB_CARRY_I1_CO_SB_LUT4_I2_O_SB_LUT4_I2_I1_SB_LUT4_O_I3_SB_LUT4_I3_O_SB_CARRY_I1_CO_SB_LUT4_I3_O_SB_LUT4_O_I2_SB_LUT4_I3_O_SB_LUT4_I1_O_SB_LUT4_I2_O_SB_LUT4_I0_O_SB_LUT4_O_LC.O
Info:    routing  0.90  18.69 Net nodes[0].conn0.u_cell.u_core.rq_train_SB_DFF_Q_D_SB_LUT4_O_I2_SB_CARRY_CO_I1_SB_CARRY_I1_CO_SB_LUT4_I2_O_SB_LUT4_I2_I1_SB_CARRY_I1_CO_SB_CARRY_CI_CO_SB_CARRY_CI_CO_SB_LUT4_I3_I2_SB_LUT4_O_I3_SB_LUT4_I3_O_SB_LUT4_I1_O_SB_LUT4_I2_4_O_SB_LUT4_I1_O[3] (11,12) -> (9,12)
Info:                          Sink nodes[0].conn0.u_cell.u_core.rq_train_SB_DFF_Q_D_SB_LUT4_O_I2_SB_CARRY_CO_I1_SB_CARRY_I1_CO_SB_LUT4_I2_O_SB_LUT4_I2_I1_SB_LUT4_O_I3_SB_LUT4_I3_O_SB_CARRY_I1_CO_SB_LUT4_I3_O_SB_LUT4_O_I2_SB_LUT4_I3_O_SB_LUT4_I1_O_SB_LUT4_I2_O_SB_LUT4_I0_O_SB_LUT4_I2_LC.I3
Info:                          Defined in:
Info:                               /home/eileen/tools/oss-cad-suite/lib/../share/yosys/ice40/cells_map.v:6.21-6.22
Info:      logic  0.31  19.01 Source nodes[0].conn0.u_cell.u_core.rq_train_SB_DFF_Q_D_SB_LUT4_O_I2_SB_CARRY_CO_I1_SB_CARRY_I1_CO_SB_LUT4_I2_O_SB_LUT4_I2_I1_SB_LUT4_O_I3_SB_LUT4_I3_O_SB_CARRY_I1_CO_SB_LUT4_I3_O_SB_LUT4_O_I2_SB_LUT4_I3_O_SB_LUT4_I1_O_SB_LUT4_I2_O_SB_LUT4_I0_O_SB_LUT4_I2_LC.O
Info:    routing  1.27  20.28 Net nodes[0].conn0.u_cell.u_core.rq_train_SB_DFF_Q_D_SB_LUT4_O_I2_SB_CARRY_CO_I1_SB_CARRY_I1_CO_SB_LUT4_I2_O_SB_LUT4_I2_I1_SB_LUT4_O_I3_SB_LUT4_I3_O_SB_CARRY_I1_CO_SB_LUT4_I3_O_SB_LUT4_O_I2_SB_LUT4_I3_O_SB_LUT4_I1_O_SB_LUT4_I2_O_SB_LUT4_I0_O_SB_LUT4_I2_O[2] (9,12) -> (7,10)
Info:                          Sink nodes[0].conn0.u_cell.u_core.rq_train_SB_DFF_Q_D_SB_LUT4_O_I2_SB_CARRY_CO_I1_SB_CARRY_I1_CO_SB_LUT4_I2_O_SB_LUT4_I2_I1_SB_CARRY_I1_CO_SB_LUT4_I3_O_SB_LUT4_O_I2_SB_LUT4_O_I3_SB_LUT4_I3_O_SB_LUT4_I1_O_SB_LUT4_I1_O_SB_LUT4_I3_O_SB_LUT4_I0_O_SB_LUT4_O_2_LC.I2
Info:                          Defined in:
Info:                               /home/eileen/tools/oss-cad-suite/lib/../share/yosys/ice40/cells_map.v:6.21-6.22
Info:      logic  0.38  20.66 Source nodes[0].conn0.u_cell.u_core.rq_train_SB_DFF_Q_D_SB_LUT4_O_I2_SB_CARRY_CO_I1_SB_CARRY_I1_CO_SB_LUT4_I2_O_SB_LUT4_I2_I1_SB_CARRY_I1_CO_SB_LUT4_I3_O_SB_LUT4_O_I2_SB_LUT4_O_I3_SB_LUT4_I3_O_SB_LUT4_I1_O_SB_LUT4_I1_O_SB_LUT4_I3_O_SB_LUT4_I0_O_SB_LUT4_O_2_LC.O
Info:    routing  0.59  21.25 Net nodes[0].conn0.u_cell.u_core.act_SB_DFFESR_Q_15_D_SB_LUT4_O_I1_SB_LUT4_O_1_I2_SB_LUT4_O_I2_SB_LUT4_O_I3_SB_CARRY_CO_I1_SB_LUT4_O_I3_SB_LUT4_O_I2_SB_LUT4_I2_O_SB_LUT4_O_I3[0] (7,10) -> (6,10)
Info:                          Sink nodes[0].conn0.u_cell.u_core.act_SB_DFFESR_Q_15_D_SB_LUT4_O_I1_SB_LUT4_O_1_I2_SB_LUT4_O_I2_SB_LUT4_O_I3_SB_CARRY_CO_I1_SB_LUT4_O_I3_SB_LUT4_O_I2_SB_LUT4_I2_O_SB_LUT4_O_I3_SB_LUT4_I3_LC.I0
Info:                          Defined in:
Info:                               /home/eileen/tools/oss-cad-suite/lib/../share/yosys/ice40/cells_map.v:6.21-6.22
Info:      logic  0.45  21.69 Source nodes[0].conn0.u_cell.u_core.act_SB_DFFESR_Q_15_D_SB_LUT4_O_I1_SB_LUT4_O_1_I2_SB_LUT4_O_I2_SB_LUT4_O_I3_SB_CARRY_CO_I1_SB_LUT4_O_I3_SB_LUT4_O_I2_SB_LUT4_I2_O_SB_LUT4_O_I3_SB_LUT4_I3_LC.O
Info:    routing  0.59  22.28 Net nodes[0].conn0.u_cell.u_core.act_SB_DFFESR_Q_15_D_SB_LUT4_O_I1_SB_LUT4_O_1_I2_SB_LUT4_O_I2_SB_LUT4_O_I3_SB_CARRY_CO_I1_SB_LUT4_O_I3_SB_LUT4_O_I2_SB_LUT4_I2_O_SB_LUT4_O_I3_SB_LUT4_I3_O[1] (6,10) -> (6,11)
Info:                          Sink nodes[0].conn0.u_cell.u_core.act_SB_DFFESR_Q_15_D_SB_LUT4_O_I1_SB_LUT4_O_1_I2_SB_LUT4_O_I2_SB_LUT4_O_I3_SB_CARRY_CO_I1_SB_LUT4_O_I3_SB_LUT4_O_I2_SB_LUT4_I2_O_SB_LUT4_O_LC.I1
Info:                          Defined in:
Info:                               /home/eileen/tools/oss-cad-suite/lib/../share/yosys/ice40/cells_map.v:6.21-6.22
Info:      logic  0.40  22.68 Source nodes[0].conn0.u_cell.u_core.act_SB_DFFESR_Q_15_D_SB_LUT4_O_I1_SB_LUT4_O_1_I2_SB_LUT4_O_I2_SB_LUT4_O_I3_SB_CARRY_CO_I1_SB_LUT4_O_I3_SB_LUT4_O_I2_SB_LUT4_I2_O_SB_LUT4_O_LC.O
Info:    routing  0.59  23.27 Net nodes[0].conn0.u_cell.u_core.act_SB_DFFESR_Q_15_D_SB_LUT4_O_I1_SB_LUT4_O_1_I2_SB_LUT4_O_I2_SB_LUT4_O_I3_SB_CARRY_CO_I1_SB_LUT4_O_I3_SB_LUT4_O_I2_SB_LUT4_I2_O[2] (6,11) -> (5,11)
Info:                          Sink nodes[0].conn0.u_cell.u_core.act_SB_DFFESR_Q_15_D_SB_LUT4_O_I1_SB_LUT4_O_1_I2_SB_LUT4_O_I2_SB_LUT4_O_I3_SB_CARRY_CO_CI_SB_CARRY_CO_I1_SB_LUT4_O_LC.I3
Info:                          Defined in:
Info:                               /home/eileen/tools/oss-cad-suite/lib/../share/yosys/ice40/cells_map.v:6.21-6.22
Info:      logic  0.31  23.58 Source nodes[0].conn0.u_cell.u_core.act_SB_DFFESR_Q_15_D_SB_LUT4_O_I1_SB_LUT4_O_1_I2_SB_LUT4_O_I2_SB_LUT4_O_I3_SB_CARRY_CO_CI_SB_CARRY_CO_I1_SB_LUT4_O_LC.O
Info:    routing  1.64  25.23 Net nodes[0].conn0.u_cell.u_core.act_SB_DFFESR_Q_15_D_SB_LUT4_O_I1_SB_LUT4_O_1_I2_SB_LUT4_O_I2_SB_LUT4_O_I3_SB_CARRY_CO_CI_SB_CARRY_CO_I1 (5,11) -> (5,4)
Info:                          Sink nodes[0].conn0.u_cell.u_core.act_SB_DFFESR_Q_15_D_SB_LUT4_O_I1_SB_LUT4_O_1_I2_SB_LUT4_O_I2_SB_LUT4_O_I3_SB_CARRY_CO_CI_SB_CARRY_CO$CARRY.I2
Info:      logic  0.23  25.46 Source nodes[0].conn0.u_cell.u_core.act_SB_DFFESR_Q_15_D_SB_LUT4_O_I1_SB_LUT4_O_1_I2_SB_LUT4_O_I2_SB_LUT4_O_I3_SB_CARRY_CO_CI_SB_CARRY_CO$CARRY.COUT
Info:    routing  0.00  25.46 Net nodes[0].conn0.u_cell.u_core.act_SB_DFFESR_Q_15_D_SB_LUT4_O_I1_SB_LUT4_O_1_I2_SB_LUT4_O_I2_SB_LUT4_O_I3_SB_CARRY_CO_CI (5,4) -> (5,4)
Info:                          Sink nodes[0].conn0.u_cell.u_core.act_SB_DFFESR_Q_15_D_SB_LUT4_O_I1_SB_LUT4_O_1_I2_SB_LUT4_O_I2_SB_LUT4_O_I3_SB_CARRY_CO$CARRY.CIN
Info:                          Defined in:
Info:                               /home/eileen/tools/oss-cad-suite/lib/../share/yosys/ice40/arith_map.v:62.5-70.4
Info:                               /home/eileen/tools/oss-cad-suite/lib/../share/yosys/ice40/abc9_model.v:4.9-4.11
Info:      logic  0.13  25.59 Source nodes[0].conn0.u_cell.u_core.act_SB_DFFESR_Q_15_D_SB_LUT4_O_I1_SB_LUT4_O_1_I2_SB_LUT4_O_I2_SB_LUT4_O_I3_SB_CARRY_CO$CARRY.COUT
Info:    routing  0.20  25.78 Net nodes[0].conn0.u_cell.u_core.act_SB_DFFESR_Q_15_D_SB_LUT4_O_I1_SB_LUT4_O_1_I2_SB_LUT4_O_I2_SB_LUT4_O_I1[3] (5,4) -> (5,5)
Info:                          Sink nodes[0].conn0.u_cell.u_core.act_SB_DFFESR_Q_15_D_SB_LUT4_O_I1_SB_LUT4_O_1_I2_SB_LUT4_O_I2_SB_LUT4_O_LC.CIN
Info:                          Defined in:
Info:                               /home/eileen/tools/oss-cad-suite/lib/../share/yosys/ice40/arith_map.v:62.5-70.4
Info:                               /home/eileen/tools/oss-cad-suite/lib/../share/yosys/ice40/abc9_model.v:4.9-4.11
Info:      logic  0.13  25.91 Source nodes[0].conn0.u_cell.u_core.act_SB_DFFESR_Q_15_D_SB_LUT4_O_I1_SB_LUT4_O_1_I2_SB_LUT4_O_I2_SB_LUT4_O_LC.COUT
Info:    routing  0.00  25.91 Net nodes[0].conn0.u_cell.u_core.act_SB_DFFESR_Q_14_D_SB_LUT4_O_I1_SB_LUT4_O_1_I2_SB_LUT4_O_I2_SB_LUT4_O_I1[3] (5,5) -> (5,5)
Info:                          Sink nodes[0].conn0.u_cell.u_core.act_SB_DFFESR_Q_14_D_SB_LUT4_O_I1_SB_LUT4_O_1_I2_SB_LUT4_O_I2_SB_LUT4_O_LC.CIN
Info:                          Defined in:
Info:                               /home/eileen/tools/oss-cad-suite/lib/../share/yosys/ice40/arith_map.v:62.5-70.4
Info:                               /home/eileen/tools/oss-cad-suite/lib/../share/yosys/ice40/abc9_model.v:4.9-4.11
Info:      logic  0.13  26.03 Source nodes[0].conn0.u_cell.u_core.act_SB_DFFESR_Q_14_D_SB_LUT4_O_I1_SB_LUT4_O_1_I2_SB_LUT4_O_I2_SB_LUT4_O_LC.COUT
Info:    routing  0.00  26.03 Net nodes[0].conn0.u_cell.u_core.act_SB_DFFESR_Q_13_D_SB_LUT4_O_I1_SB_LUT4_O_1_I2_SB_LUT4_O_I2_SB_LUT4_O_I1[3] (5,5) -> (5,5)
Info:                          Sink nodes[0].conn0.u_cell.u_core.act_SB_DFFESR_Q_13_D_SB_LUT4_O_I1_SB_LUT4_O_1_I2_SB_LUT4_O_I2_SB_LUT4_O_LC.CIN
Info:                          Defined in:
Info:                               /home/eileen/tools/oss-cad-suite/lib/../share/yosys/ice40/arith_map.v:62.5-70.4
Info:                               /home/eileen/tools/oss-cad-suite/lib/../share/yosys/ice40/abc9_model.v:4.9-4.11
Info:      logic  0.13  26.16 Source nodes[0].conn0.u_cell.u_core.act_SB_DFFESR_Q_13_D_SB_LUT4_O_I1_SB_LUT4_O_1_I2_SB_LUT4_O_I2_SB_LUT4_O_LC.COUT
Info:    routing  0.00  26.16 Net nodes[0].conn0.u_cell.u_core.act_SB_DFFESR_Q_12_D_SB_LUT4_O_I2_SB_LUT4_O_1_I1_SB_LUT4_O_I2_SB_LUT4_O_I1[3] (5,5) -> (5,5)
Info:                          Sink nodes[0].conn0.u_cell.u_core.act_SB_DFFESR_Q_12_D_SB_LUT4_O_I2_SB_LUT4_O_1_I1_SB_LUT4_O_I2_SB_LUT4_O_LC.CIN
Info:                          Defined in:
Info:                               /home/eileen/tools/oss-cad-suite/lib/../share/yosys/ice40/arith_map.v:62.5-70.4
Info:                               /home/eileen/tools/oss-cad-suite/lib/../share/yosys/ice40/abc9_model.v:4.9-4.11
Info:      logic  0.13  26.29 Source nodes[0].conn0.u_cell.u_core.act_SB_DFFESR_Q_12_D_SB_LUT4_O_I2_SB_LUT4_O_1_I1_SB_LUT4_O_I2_SB_LUT4_O_LC.COUT
Info:    routing  0.00  26.29 Net nodes[0].conn0.u_cell.u_core.act_SB_DFFESR_Q_11_D_SB_LUT4_O_I1_SB_LUT4_O_1_I2_SB_LUT4_O_I2_SB_LUT4_O_I1[3] (5,5) -> (5,5)
Info:                          Sink nodes[0].conn0.u_cell.u_core.act_SB_DFFESR_Q_11_D_SB_LUT4_O_I1_SB_LUT4_O_1_I2_SB_LUT4_O_I2_SB_LUT4_O_LC.CIN
Info:                          Defined in:
Info:                               /home/eileen/tools/oss-cad-suite/lib/../share/yosys/ice40/arith_map.v:62.5-70.4
Info:                               /home/eileen/tools/oss-cad-suite/lib/../share/yosys/ice40/abc9_model.v:4.9-4.11
Info:      logic  0.13  26.41 Source nodes[0].conn0.u_cell.u_core.act_SB_DFFESR_Q_11_D_SB_LUT4_O_I1_SB_LUT4_O_1_I2_SB_LUT4_O_I2_SB_LUT4_O_LC.COUT
Info:    routing  0.00  26.41 Net nodes[0].conn0.u_cell.u_core.act_SB_DFFESR_Q_10_D_SB_LUT4_O_I1_SB_LUT4_O_1_I2_SB_LUT4_O_I2_SB_LUT4_O_I1[3] (5,5) -> (5,5)
Info:                          Sink nodes[0].conn0.u_cell.u_core.act_SB_DFFESR_Q_10_D_SB_LUT4_O_I1_SB_LUT4_O_1_I2_SB_LUT4_O_I2_SB_LUT4_O_LC.CIN
Info:                          Defined in:
Info:                               /home/eileen/tools/oss-cad-suite/lib/../share/yosys/ice40/arith_map.v:62.5-70.4
Info:                               /home/eileen/tools/oss-cad-suite/lib/../share/yosys/ice40/abc9_model.v:4.9-4.11
Info:      logic  0.13  26.54 Source nodes[0].conn0.u_cell.u_core.act_SB_DFFESR_Q_10_D_SB_LUT4_O_I1_SB_LUT4_O_1_I2_SB_LUT4_O_I2_SB_LUT4_O_LC.COUT
Info:    routing  0.00  26.54 Net nodes[0].conn0.u_cell.u_core.act_SB_DFFESR_Q_9_D_SB_LUT4_O_I1_SB_LUT4_O_1_I2_SB_LUT4_O_I2_SB_LUT4_O_I1[3] (5,5) -> (5,5)
Info:                          Sink nodes[0].conn0.u_cell.u_core.act_SB_DFFESR_Q_9_D_SB_LUT4_O_I1_SB_LUT4_O_1_I2_SB_LUT4_O_I2_SB_LUT4_O_LC.CIN
Info:                          Defined in:
Info:                               /home/eileen/tools/oss-cad-suite/lib/../share/yosys/ice40/arith_map.v:62.5-70.4
Info:                               /home/eileen/tools/oss-cad-suite/lib/../share/yosys/ice40/abc9_model.v:4.9-4.11
Info:      logic  0.13  26.66 Source nodes[0].conn0.u_cell.u_core.act_SB_DFFESR_Q_9_D_SB_LUT4_O_I1_SB_LUT4_O_1_I2_SB_LUT4_O_I2_SB_LUT4_O_LC.COUT
Info:    routing  0.00  26.66 Net nodes[0].conn0.u_cell.u_core.act_SB_DFFESR_Q_8_D_SB_LUT4_O_I1_SB_LUT4_O_1_I2_SB_LUT4_O_I2_SB_LUT4_O_I1[3] (5,5) -> (5,5)
Info:                          Sink nodes[0].conn0.u_cell.u_core.act_SB_DFFESR_Q_8_D_SB_LUT4_O_I1_SB_LUT4_O_1_I2_SB_LUT4_O_I2_SB_LUT4_O_LC.CIN
Info:                          Defined in:
Info:                               /home/eileen/tools/oss-cad-suite/lib/../share/yosys/ice40/arith_map.v:62.5-70.4
Info:                               /home/eileen/tools/oss-cad-suite/lib/../share/yosys/ice40/abc9_model.v:4.9-4.11
Info:      logic  0.13  26.79 Source nodes[0].conn0.u_cell.u_core.act_SB_DFFESR_Q_8_D_SB_LUT4_O_I1_SB_LUT4_O_1_I2_SB_LUT4_O_I2_SB_LUT4_O_LC.COUT
Info:    routing  0.20  26.99 Net nodes[0].conn0.u_cell.u_core.act_SB_DFFESR_Q_7_D_SB_LUT4_O_I1_SB_LUT4_O_1_I2_SB_LUT4_O_I2_SB_LUT4_O_I1[3] (5,5) -> (5,6)
Info:                          Sink nodes[0].conn0.u_cell.u_core.act_SB_DFFESR_Q_7_D_SB_LUT4_O_I1_SB_LUT4_O_1_I2_SB_LUT4_O_I2_SB_LUT4_O_LC.CIN
Info:                          Defined in:
Info:                               /home/eileen/tools/oss-cad-suite/lib/../share/yosys/ice40/arith_map.v:62.5-70.4
Info:                               /home/eileen/tools/oss-cad-suite/lib/../share/yosys/ice40/abc9_model.v:4.9-4.11
Info:      logic  0.13  27.11 Source nodes[0].conn0.u_cell.u_core.act_SB_DFFESR_Q_7_D_SB_LUT4_O_I1_SB_LUT4_O_1_I2_SB_LUT4_O_I2_SB_LUT4_O_LC.COUT
Info:    routing  0.00  27.11 Net nodes[0].conn0.u_cell.u_core.act_SB_DFFESR_Q_6_D_SB_LUT4_O_I1_SB_LUT4_O_1_I2_SB_LUT4_O_I2_SB_LUT4_O_I1[3] (5,6) -> (5,6)
Info:                          Sink nodes[0].conn0.u_cell.u_core.act_SB_DFFESR_Q_6_D_SB_LUT4_O_I1_SB_LUT4_O_1_I2_SB_LUT4_O_I2_SB_LUT4_O_LC.CIN
Info:                          Defined in:
Info:                               /home/eileen/tools/oss-cad-suite/lib/../share/yosys/ice40/arith_map.v:62.5-70.4
Info:                               /home/eileen/tools/oss-cad-suite/lib/../share/yosys/ice40/abc9_model.v:4.9-4.11
Info:      logic  0.13  27.24 Source nodes[0].conn0.u_cell.u_core.act_SB_DFFESR_Q_6_D_SB_LUT4_O_I1_SB_LUT4_O_1_I2_SB_LUT4_O_I2_SB_LUT4_O_LC.COUT
Info:    routing  0.00  27.24 Net nodes[0].conn0.u_cell.u_core.act_SB_DFFESR_Q_D_SB_LUT4_O_I2_SB_LUT4_I2_1_O_SB_LUT4_O_I2_SB_LUT4_O_I1[3] (5,6) -> (5,6)
Info:                          Sink nodes[0].conn0.u_cell.u_core.act_SB_DFFESR_Q_D_SB_LUT4_O_I2_SB_LUT4_I2_1_O_SB_LUT4_O_I2_SB_LUT4_O_LC.CIN
Info:                          Defined in:
Info:                               /home/eileen/tools/oss-cad-suite/lib/../share/yosys/ice40/arith_map.v:62.5-70.4
Info:                               /home/eileen/tools/oss-cad-suite/lib/../share/yosys/ice40/abc9_model.v:4.9-4.11
Info:      logic  0.13  27.36 Source nodes[0].conn0.u_cell.u_core.act_SB_DFFESR_Q_D_SB_LUT4_O_I2_SB_LUT4_I2_1_O_SB_LUT4_O_I2_SB_LUT4_O_LC.COUT
Info:    routing  0.00  27.36 Net nodes[0].conn0.u_cell.u_core.act_SB_DFFESR_Q_4_D_SB_LUT4_O_I1_SB_LUT4_O_1_I2_SB_LUT4_O_I2_SB_LUT4_O_I1[3] (5,6) -> (5,6)
Info:                          Sink nodes[0].conn0.u_cell.u_core.act_SB_DFFESR_Q_4_D_SB_LUT4_O_I1_SB_LUT4_O_1_I2_SB_LUT4_O_I2_SB_LUT4_O_LC.CIN
Info:                          Defined in:
Info:                               /home/eileen/tools/oss-cad-suite/lib/../share/yosys/ice40/arith_map.v:62.5-70.4
Info:                               /home/eileen/tools/oss-cad-suite/lib/../share/yosys/ice40/abc9_model.v:4.9-4.11
Info:      logic  0.13  27.49 Source nodes[0].conn0.u_cell.u_core.act_SB_DFFESR_Q_4_D_SB_LUT4_O_I1_SB_LUT4_O_1_I2_SB_LUT4_O_I2_SB_LUT4_O_LC.COUT
Info:    routing  0.00  27.49 Net nodes[0].conn0.u_cell.u_core.act_SB_DFFESR_Q_3_D_SB_LUT4_O_I1_SB_LUT4_O_1_I2_SB_LUT4_O_I2_SB_LUT4_O_I1[3] (5,6) -> (5,6)
Info:                          Sink nodes[0].conn0.u_cell.u_core.act_SB_DFFESR_Q_3_D_SB_LUT4_O_I1_SB_LUT4_O_1_I2_SB_LUT4_O_I2_SB_LUT4_O_LC.CIN
Info:                          Defined in:
Info:                               /home/eileen/tools/oss-cad-suite/lib/../share/yosys/ice40/arith_map.v:62.5-70.4
Info:                               /home/eileen/tools/oss-cad-suite/lib/../share/yosys/ice40/abc9_model.v:4.9-4.11
Info:      logic  0.13  27.62 Source nodes[0].conn0.u_cell.u_core.act_SB_DFFESR_Q_3_D_SB_LUT4_O_I1_SB_LUT4_O_1_I2_SB_LUT4_O_I2_SB_LUT4_O_LC.COUT
Info:    routing  0.26  27.88 Net nodes[0].conn0.u_cell.u_core.act_SB_DFFESR_Q_2_D_SB_LUT4_O_I1_SB_LUT4_O_1_I2_SB_LUT4_O_I2_SB_LUT4_O_I1[3] (5,6) -> (5,6)
Info:                          Sink nodes[0].conn0.u_cell.u_core.act_SB_DFFESR_Q_2_D_SB_LUT4_O_I1_SB_LUT4_O_1_I2_SB_LUT4_O_I2_SB_LUT4_O_LC.I3
Info:                          Defined in:
Info:                               /home/eileen/tools/oss-cad-suite/lib/../share/yosys/ice40/arith_map.v:62.5-70.4
Info:                               /home/eileen/tools/oss-cad-suite/lib/../share/yosys/ice40/abc9_model.v:4.9-4.11
Info:      logic  0.31  28.19 Source nodes[0].conn0.u_cell.u_core.act_SB_DFFESR_Q_2_D_SB_LUT4_O_I1_SB_LUT4_O_1_I2_SB_LUT4_O_I2_SB_LUT4_O_LC.O
Info:    routing  1.70  29.89 Net nodes[0].conn0.u_cell.u_core.act_SB_DFFESR_Q_2_D_SB_LUT4_O_I1_SB_LUT4_O_1_I2_SB_LUT4_O_I2[2] (5,6) -> (5,16)
Info:                          Sink nodes[0].conn0.u_cell.u_core.act_SB_DFFESR_Q_2_D_SB_LUT4_O_I1_SB_LUT4_O_1_I2_SB_LUT4_O_LC.I2
Info:                          Defined in:
Info:                               rtl/q_cell_core.v:198.34-198.57
Info:                               /home/eileen/tools/oss-cad-suite/lib/../share/yosys/ice40/arith_map.v:62.5-70.4
Info:                               /home/eileen/tools/oss-cad-suite/lib/../share/yosys/ice40/cells_map.v:6.21-6.22
Info:      logic  0.23  30.12 Source nodes[0].conn0.u_cell.u_core.act_SB_DFFESR_Q_2_D_SB_LUT4_O_I1_SB_LUT4_O_1_I2_SB_LUT4_O_LC.COUT
Info:    routing  0.26  30.38 Net nodes[0].conn0.u_cell.u_core.act_SB_DFFESR_Q_1_D_SB_LUT4_O_I1_SB_LUT4_O_1_I2_SB_LUT4_O_I2[3] (5,16) -> (5,16)
Info:                          Sink nodes[0].conn0.u_cell.u_core.act_SB_DFFESR_Q_1_D_SB_LUT4_O_I1_SB_LUT4_O_1_I2_SB_LUT4_O_LC.I3
Info:                          Defined in:
Info:                               rtl/q_cell_core.v:198.34-198.57
Info:                               /home/eileen/tools/oss-cad-suite/lib/../share/yosys/ice40/arith_map.v:62.5-70.4
Info:                               /home/eileen/tools/oss-cad-suite/lib/../share/yosys/ice40/abc9_model.v:4.9-4.11
Info:      logic  0.31  30.70 Source nodes[0].conn0.u_cell.u_core.act_SB_DFFESR_Q_1_D_SB_LUT4_O_I1_SB_LUT4_O_1_I2_SB_LUT4_O_LC.O
Info:    routing  0.59  31.28 Net nodes[0].conn0.u_cell.u_core.act_SB_DFFESR_Q_1_D_SB_LUT4_O_I1_SB_LUT4_O_1_I2[0] (5,16) -> (6,16)
Info:                          Sink nodes[0].conn0.u_cell.u_core.act_SB_DFFESR_Q_1_D_SB_LUT4_O_I1_SB_LUT4_O_1_I2_SB_LUT4_I3_O_SB_CARRY_I1$CARRY.I3
Info:                          Defined in:
Info:                               /home/eileen/tools/oss-cad-suite/lib/../share/yosys/ice40/cells_map.v:6.21-6.22
Info:      logic  0.31  31.60 Source nodes[0].conn0.u_cell.u_core.act_SB_DFFESR_Q_1_D_SB_LUT4_O_I1_SB_LUT4_O_1_I2_SB_LUT4_I3_O_SB_CARRY_I1$CARRY.O
Info:    routing  0.59  32.19 Net nodes[0].conn0.u_cell.u_core.act_SB_DFFESR_Q_1_D_SB_LUT4_O_I1_SB_LUT4_O_1_I2_SB_LUT4_I3_O (6,16) -> (6,16)
Info:                          Sink nodes[0].conn0.u_cell.u_core.act_SB_DFFESR_Q_1_D_SB_LUT4_O_I1_SB_LUT4_O_1_I2_SB_LUT4_I3_O_SB_CARRY_I1$CARRY.I2
Info:      logic  0.23  32.42 Source nodes[0].conn0.u_cell.u_core.act_SB_DFFESR_Q_1_D_SB_LUT4_O_I1_SB_LUT4_O_1_I2_SB_LUT4_I3_O_SB_CARRY_I1$CARRY.COUT
Info:    routing  0.00  32.42 Net nodes[0].conn0.u_cell.u_core.act_SB_DFFESR_Q_1_D_SB_LUT4_O_I1_SB_LUT4_O_1_I2_SB_LUT4_I3_O_SB_CARRY_I1_CO (6,16) -> (6,16)
Info:                          Sink nodes[0].conn0.u_cell.u_core.act_SB_DFFESR_Q_1_D_SB_LUT4_O_I1_SB_LUT4_O_1_I2_SB_LUT4_I3_O_SB_CARRY_I1_CO_SB_CARRY_CI$CARRY.CIN
Info:                          Defined in:
Info:                               rtl/q_cell_core.v:183.22-183.37
Info:                               /home/eileen/tools/oss-cad-suite/lib/../share/yosys/ice40/arith_map.v:62.5-70.4
Info:                               /home/eileen/tools/oss-cad-suite/lib/../share/yosys/ice40/abc9_model.v:4.9-4.11
Info:      logic  0.13  32.54 Source nodes[0].conn0.u_cell.u_core.act_SB_DFFESR_Q_1_D_SB_LUT4_O_I1_SB_LUT4_O_1_I2_SB_LUT4_I3_O_SB_CARRY_I1_CO_SB_CARRY_CI$CARRY.COUT
Info:    routing  0.20  32.74 Net nodes[0].conn0.u_cell.u_core.act_SB_DFFESR_Q_D_SB_LUT4_O_I2_SB_LUT4_I2_1_I3_SB_CARRY_CO_CI_SB_CARRY_CO_CI (6,16) -> (6,17)
Info:                          Sink nodes[0].conn0.u_cell.u_core.act_SB_DFFESR_Q_D_SB_LUT4_O_I2_SB_LUT4_I2_1_I3_SB_CARRY_CO_CI_SB_CARRY_CO$CARRY.CIN
Info:                          Defined in:
Info:                               rtl/q_cell_core.v:183.22-183.37
Info:                               /home/eileen/tools/oss-cad-suite/lib/../share/yosys/ice40/arith_map.v:62.5-70.4
Info:                               /home/eileen/tools/oss-cad-suite/lib/../share/yosys/ice40/abc9_model.v:4.9-4.11
Info:      logic  0.13  32.87 Source nodes[0].conn0.u_cell.u_core.act_SB_DFFESR_Q_D_SB_LUT4_O_I2_SB_LUT4_I2_1_I3_SB_CARRY_CO_CI_SB_CARRY_CO$CARRY.COUT
Info:    routing  0.00  32.87 Net nodes[0].conn0.u_cell.u_core.act_SB_DFFESR_Q_D_SB_LUT4_O_I2_SB_LUT4_I2_1_I3_SB_CARRY_CO_CI (6,17) -> (6,17)
Info:                          Sink nodes[0].conn0.u_cell.u_core.act_SB_DFFESR_Q_D_SB_LUT4_O_I2_SB_LUT4_I2_1_I3_SB_CARRY_CO$CARRY.CIN
Info:                          Defined in:
Info:                               rtl/q_cell_core.v:183.22-183.37
Info:                               /home/eileen/tools/oss-cad-suite/lib/../share/yosys/ice40/arith_map.v:62.5-70.4
Info:                               /home/eileen/tools/oss-cad-suite/lib/../share/yosys/ice40/abc9_model.v:4.9-4.11
Info:      logic  0.13  32.99 Source nodes[0].conn0.u_cell.u_core.act_SB_DFFESR_Q_D_SB_LUT4_O_I2_SB_LUT4_I2_1_I3_SB_CARRY_CO$CARRY.COUT
Info:    routing  0.26  33.25 Net nodes[0].conn0.u_cell.u_core.act_SB_DFFESR_Q_D_SB_LUT4_O_I2[1] (6,17) -> (6,17)
Info:                          Sink nodes[0].conn0.u_cell.u_core.act_SB_DFFESR_Q_D_SB_LUT4_O_I2_SB_LUT4_I2_1_LC.I3
Info:                          Defined in:
Info:                               rtl/q_cell_core.v:183.22-183.37
Info:                               /home/eileen/tools/oss-cad-suite/lib/../share/yosys/ice40/arith_map.v:62.5-70.4
Info:                               /home/eileen/tools/oss-cad-suite/lib/../share/yosys/ice40/abc9_model.v:4.9-4.11
Info:      logic  0.31  33.57 Source nodes[0].conn0.u_cell.u_core.act_SB_DFFESR_Q_D_SB_LUT4_O_I2_SB_LUT4_I2_1_LC.O
Info:    routing  1.27  34.84 Net nodes[0].conn0.u_cell.u_core.act_SB_DFFESR_Q_10_D_SB_LUT4_O_I1_SB_LUT4_O_1_I2[1] (6,17) -> (4,16)
Info:                          Sink nodes[0].conn0.u_cell.u_core.act_SB_DFFESR_Q_14_D_SB_LUT4_O_I1_SB_LUT4_O_1_LC.I3
Info:                          Defined in:
Info:                               /home/eileen/tools/oss-cad-suite/lib/../share/yosys/ice40/cells_map.v:6.21-6.22
Info:      logic  0.31  35.15 Source nodes[0].conn0.u_cell.u_core.act_SB_DFFESR_Q_14_D_SB_LUT4_O_I1_SB_LUT4_O_1_LC.O
Info:    routing  0.59  35.74 Net nodes[0].conn0.u_cell.u_core.act_SB_DFFESR_Q_14_D_SB_LUT4_O_I1[3] (4,16) -> (4,16)
Info:                          Sink nodes[0].conn0.u_cell.u_core.act_SB_DFFESR_Q_14_D_SB_LUT4_O_LC.I3
Info:                          Defined in:
Info:                               /home/eileen/tools/oss-cad-suite/lib/../share/yosys/ice40/cells_map.v:6.21-6.22
Info:      setup  0.34  36.08 Source nodes[0].conn0.u_cell.u_core.act_SB_DFFESR_Q_14_D_SB_LUT4_O_LC.I3
Info: 12.63 ns logic, 23.45 ns routing

Info: Critical path report for cross-domain path '<async>' -> '<async>':
Info:       type curr  total name
Info:     source  0.00  0.00 Source i_rdy$sb_io.D_IN_0
Info:    routing  0.59  0.59 Net i_rdy$SB_IO_IN (11,0) -> (11,1)
Info:                          Sink i_rdy_SB_LUT4_I1_1_LC.I1
Info:                          Defined in:
Info:                               rtl/q_link_ringport.v:45.31-45.39
Info:      logic  0.40  0.99 Source i_rdy_SB_LUT4_I1_1_LC.O
Info:    routing  1.85  2.84 Net i_rdy_SB_LUT4_I1_1_O[2] (11,1) -> (23,1)
Info:                          Sink o_rdy_SB_LUT4_O_LC.I3
Info:                          Defined in:
Info:                               /home/eileen/tools/oss-cad-suite/lib/../share/yosys/ice40/cells_map.v:6.21-6.22
Info:      logic  0.31  3.15 Source o_rdy_SB_LUT4_O_LC.O
Info:    routing  0.59  3.74 Net o_rdy$SB_IO_OUT (23,1) -> (23,0)
Info:                          Sink o_rdy$sb_io.D_OUT_0
Info:                          Defined in:
Info:                               rtl/q_fabric_top.v:18.31-18.36
Info: 0.71 ns logic, 3.02 ns routing

Info: Critical path report for cross-domain path '<async>' -> 'posedge clk$SB_IO_IN_$glb_clk':
Info:       type curr  total name
Info:     source  0.00  0.00 Source rst_n$sb_io.D_IN_0
Info:    routing  3.34  3.34 Net rst_n$SB_IO_IN (12,0) -> (27,20)
Info:                          Sink nodes[1].genblk1.connc.u_cell.u_core.df_wr_SB_LUT4_I3_1_LC.I1
Info:                          Defined in:
Info:                               rtl/q_tick_sched.v:9.17-9.22
Info:      logic  0.40  3.74 Source nodes[1].genblk1.connc.u_cell.u_core.df_wr_SB_LUT4_I3_1_LC.O
Info:    routing  0.59  4.33 Net nodes[1].genblk1.connc.u_cell.u_core.df_wr_SB_LUT4_I3_1_O[1] (27,20) -> (28,20)
Info:                          Sink nodes[1].genblk1.connc.u_cell.u_core.df_wr_SB_LUT4_I3_1_O_SB_LUT4_I3_3_LC.I3
Info:                          Defined in:
Info:                               /home/eileen/tools/oss-cad-suite/lib/../share/yosys/ice40/cells_map.v:6.21-6.22
Info:      logic  0.31  4.64 Source nodes[1].genblk1.connc.u_cell.u_core.df_wr_SB_LUT4_I3_1_O_SB_LUT4_I3_3_LC.O
Info:    routing  0.59  5.23 Net nodes[1].genblk1.connc.u_cell.u_core.df_wr_SB_LUT4_I3_1_O_SB_LUT4_I3_3_O[2] (28,20) -> (28,21)
Info:                          Sink nodes[1].genblk1.connc.u_cell.u_core.df_wr_SB_LUT4_I3_1_O_SB_LUT4_I3_3_O_SB_LUT4_I3_3_LC.I3
Info:                          Defined in:
Info:                               /home/eileen/tools/oss-cad-suite/lib/../share/yosys/ice40/cells_map.v:6.21-6.22
Info:      logic  0.31  5.55 Source nodes[1].genblk1.connc.u_cell.u_core.df_wr_SB_LUT4_I3_1_O_SB_LUT4_I3_3_O_SB_LUT4_I3_3_LC.O
Info:    routing  1.64  7.19 Net nodes[1].genblk1.connc.u_cell.u_core.df_wr_SB_LUT4_I3_1_O_SB_LUT4_I3_3_O_SB_LUT4_I3_3_O[1] (28,21) -> (31,27)
Info:                          Sink nodes[1].genblk1.connc.u_cell.u_core.df_wr_SB_LUT4_I3_1_O_SB_LUT4_I3_3_O_SB_LUT4_I3_3_O_SB_LUT4_I3_LC.I3
Info:                          Defined in:
Info:                               /home/eileen/tools/oss-cad-suite/lib/../share/yosys/ice40/cells_map.v:6.21-6.22
Info:      logic  0.31  7.51 Source nodes[1].genblk1.connc.u_cell.u_core.df_wr_SB_LUT4_I3_1_O_SB_LUT4_I3_3_O_SB_LUT4_I3_3_O_SB_LUT4_I3_LC.O
Info:    routing  2.73  10.24 Net nodes[1].genblk1.connc.u_cell.u_df.dial[11]_SB_DFFESS_Q_E (31,27) -> (29,15)
Info:                          Sink nodes[1].genblk1.connc.u_cell.u_df.dial[11]_SB_DFFESS_Q_DFFLC.CEN
Info:      setup  0.10  10.34 Source nodes[1].genblk1.connc.u_cell.u_df.dial[11]_SB_DFFESS_Q_DFFLC.CEN
Info: 1.44 ns logic, 8.89 ns routing

Info: Critical path report for cross-domain path 'posedge clk$SB_IO_IN_$glb_clk' -> '<async>':
Info:       type curr  total name
Info:   clk-to-q  0.54  0.54 Source nodes[1].u_pipe.a_q_SB_DFFSR_Q_7_D_SB_LUT4_O_LC.O
Info:    routing  1.22  1.76 Net o_dst[3]$SB_IO_OUT (5,1) -> (10,1)
Info:                          Sink o_val_SB_LUT4_O_I3_SB_LUT4_O_LC.I1
Info:                          Defined in:
Info:                               rtl/q_fabric_top.v:53.36-53.40
Info:      logic  0.40  2.16 Source o_val_SB_LUT4_O_I3_SB_LUT4_O_LC.O
Info:    routing  0.59  2.74 Net o_val_SB_LUT4_O_I3[2] (10,1) -> (10,1)
Info:                          Sink o_val_SB_LUT4_O_LC.I3
Info:                          Defined in:
Info:                               /home/eileen/tools/oss-cad-suite/lib/../share/yosys/ice40/cells_map.v:6.21-6.22
Info:      logic  0.31  3.06 Source o_val_SB_LUT4_O_LC.O
Info:    routing  0.59  3.65 Net o_val$SB_IO_OUT (10,1) -> (11,1)
Info:                          Sink i_rdy_SB_LUT4_I1_1_LC.I3
Info:                          Defined in:
Info:                               rtl/q_fabric_top.v:28.31-28.36
Info:      logic  0.31  3.96 Source i_rdy_SB_LUT4_I1_1_LC.O
Info:    routing  1.85  5.81 Net i_rdy_SB_LUT4_I1_1_O[2] (11,1) -> (23,1)
Info:                          Sink o_rdy_SB_LUT4_O_LC.I3
Info:                          Defined in:
Info:                               /home/eileen/tools/oss-cad-suite/lib/../share/yosys/ice40/cells_map.v:6.21-6.22
Info:      logic  0.31  6.13 Source o_rdy_SB_LUT4_O_LC.O
Info:    routing  0.59  6.71 Net o_rdy$SB_IO_OUT (23,1) -> (23,0)
Info:                          Sink o_rdy$sb_io.D_OUT_0
Info:                          Defined in:
Info:                               rtl/q_fabric_top.v:18.31-18.36
Info: 1.88 ns logic, 4.83 ns routing

Info: Max frequency for clock 'clk$SB_IO_IN_$glb_clk': 27.72 MHz (PASS at 12.00 MHz)

Info: Max delay <async>                       -> <async>                      : 3.74 ns
Info: Max delay <async>                       -> posedge clk$SB_IO_IN_$glb_clk: 10.34 ns
Info: Max delay posedge clk$SB_IO_IN_$glb_clk -> <async>                      : 6.71 ns

Info: Slack histogram:
Info:  legend: * represents 26 endpoint(s)
Info:          + represents [1,26) endpoint(s)
Info: [ 47255,  48986) |*+
Info: [ 48986,  50717) |*+
Info: [ 50717,  52448) |+
Info: [ 52448,  54179) | 
Info: [ 54179,  55910) | 
Info: [ 55910,  57641) |*+
Info: [ 57641,  59372) | 
Info: [ 59372,  61103) |+
Info: [ 61103,  62834) |+
Info: [ 62834,  64565) |**+
Info: [ 64565,  66296) |*+
Info: [ 66296,  68027) |+
Info: [ 68027,  69758) |*****+
Info: [ 69758,  71489) |**************+
Info: [ 71489,  73220) |*********************************+
Info: [ 73220,  74951) |*****************************+
Info: [ 74951,  76682) |**********************************+
Info: [ 76682,  78413) |***************************************+
Info: [ 78413,  80144) |*************************+
Info: [ 80144,  81875) |************************************************************ 
1 warning, 0 errors

Info: Program finished normally.
