Warning: No PCF file specified; IO pins will be placed automatically

Info: Packing constants..
Info: Packing IOs..
Info: Packing LUT-FFs..
Info:     4942 LCs used as LUT4 only
Info:     1060 LCs used as LUT4 and DFF
Info: Packing non-LUT FFs..
Info:     1374 LCs used as DFF only
Info: Packing carries..
Info:      411 LCs used as CARRY only
Info: Packing indirect carry+LUT pairs...
Info:      268 LUTs merged into carry LCs
Info: Packing RAMs..
Info: Placing PLLs..
Info: Packing special functions..
Info: Packing PLLs..
Info: Promoting globals..
Info: promoting clk$SB_IO_IN (fanout 2434)
Info: promoting rst_n_SB_LUT4_I3_O [reset] (fanout 1789)
Info: promoting $PACKER_VCC_NET [reset] (fanout 32)
Info: promoting nodes[0].conn0.u_cell.u_core.df_wr_SB_LUT4_I3_3_O_SB_LUT4_I3_O[1] [reset] (fanout 16)
Info: promoting nodes[0].conn0.u_cell.u_core.df_wr_SB_LUT4_I3_1_O_SB_LUT4_I3_1_O[1] [reset] (fanout 16)
Info: promoting nodes[1].u_pipe.b_q_SB_DFFESR_Q_E [cen] (fanout 75)
Info: promoting i_val_SB_LUT4_I0_O_SB_LUT4_I3_O [cen] (fanout 75)
Info: promoting nodes[0].u_pipe.b_q_SB_DFFESR_Q_E [cen] (fanout 75)
Info: Constraining chains...
Info:       69 LCs used to legalise carry chains.
Info: Checksum: 0x5bb97a06

Info: Device utilisation:
Info: 	         ICESTORM_LC:    7596/   7680    98%
Info: 	        ICESTORM_RAM:       0/     32     0%
Info: 	               SB_IO:     157/    256    61%
Info: 	               SB_GB:       8/      8   100%
Info: 	        ICESTORM_PLL:       0/      2     0%
Info: 	         SB_WARMBOOT:       0/      1     0%

Info: Placed 0 cells based on constraints.
Info: Creating initial analytic placement for 6660 cells, random placement wirelen = 216030.
Info:     at initial placer iter 0, wirelen = 5965
Info:     at initial placer iter 1, wirelen = 5850
Info:     at initial placer iter 2, wirelen = 5840
Info:     at initial placer iter 3, wirelen = 5850
Info: Running main analytical placer, max placement attempts per cell = 7529140.
Info:     at iteration #1, type ALL: wirelen solved = 5854, spread = 50340, legal = 68016; time = 0.34s
Info:     at iteration #2, type ALL: wirelen solved = 8487, spread = 35277, legal = 53772; time = 0.27s
Info:     at iteration #3, type ALL: wirelen solved = 11256, spread = 29618, legal = 47567; time = 0.26s
Info:     at iteration #4, type ALL: wirelen solved = 12689, spread = 27614, legal = 44992; time = 0.24s
Info:     at iteration #5, type ALL: wirelen solved = 13558, spread = 26677, legal = 43399; time = 0.19s
Info:     at iteration #6, type ALL: wirelen solved = 14660, spread = 25854, legal = 45114; time = 0.22s
Info:     at iteration #7, type ALL: wirelen solved = 15530, spread = 25302, legal = 44013; time = 0.23s
Info:     at iteration #8, type ALL: wirelen solved = 15884, spread = 25433, legal = 42845; time = 0.24s
Info:     at iteration #9, type ALL: wirelen solved = 16310, spread = 25628, legal = 42702; time = 0.25s
Info:     at iteration #10, type ALL: wirelen solved = 17030, spread = 25324, legal = 42224; time = 0.23s
Info:     at iteration #11, type ALL: wirelen solved = 17727, spread = 25535, legal = 41496; time = 0.23s
Info:     at iteration #12, type ALL: wirelen solved = 18149, spread = 25525, legal = 42448; time = 0.23s
Info:     at iteration #13, type ALL: wirelen solved = 18300, spread = 25443, legal = 38611; time = 0.18s
Info:     at iteration #14, type ALL: wirelen solved = 19053, spread = 25278, legal = 40508; time = 0.19s
Info:     at iteration #15, type ALL: wirelen solved = 19411, spread = 25631, legal = 39794; time = 0.20s
Info:     at iteration #16, type ALL: wirelen solved = 20025, spread = 25664, legal = 42718; time = 0.21s
Info:     at iteration #17, type ALL: wirelen solved = 20398, spread = 26298, legal = 39907; time = 0.17s
Info:     at iteration #18, type ALL: wirelen solved = 20655, spread = 26221, legal = 41379; time = 0.19s
Info: HeAP Placer Time: 5.56s
Info:   of which solving equations: 1.97s
Info:   of which spreading cells: 0.25s
Info:   of which strict legalisation: 2.17s

Info: Running simulated annealing placer for refinement.
Info:   at iteration #1: temp = 0.000000, timing cost = 553, wirelen = 38611
Info:   at iteration #5: temp = 0.000000, timing cost = 457, wirelen = 30097
Info:   at iteration #10: temp = 0.000000, timing cost = 595, wirelen = 27996
Info:   at iteration #15: temp = 0.000000, timing cost = 599, wirelen = 27105
Info:   at iteration #20: temp = 0.000000, timing cost = 564, wirelen = 26264
Info:   at iteration #25: temp = 0.000000, timing cost = 554, wirelen = 25941
Info:   at iteration #30: temp = 0.000000, timing cost = 548, wirelen = 25854
Info:   at iteration #35: temp = 0.000000, timing cost = 544, wirelen = 25823
Info:   at iteration #38: temp = 0.000000, timing cost = 547, wirelen = 25806 
Info: SA placement time 13.21s

Info: Max frequency for clock 'clk$SB_IO_IN_$glb_clk': 43.36 MHz (PASS at 12.00 MHz)

Info: Max delay <async>                       -> <async>                      : 4.20 ns
Info: Max delay <async>                       -> posedge clk$SB_IO_IN_$glb_clk: 12.46 ns
Info: Max delay posedge clk$SB_IO_IN_$glb_clk -> <async>                      : 6.46 ns

Info: Slack histogram:
Info:  legend: * represents 17 endpoint(s)
Info:          + represents [1,17) endpoint(s)
Info: [ 60271,  61355) |+
Info: [ 61355,  62439) |*+
Info: [ 62439,  63523) | 
Info: [ 63523,  64607) |**+
Info: [ 64607,  65691) |***+
Info: [ 65691,  66775) |*+
Info: [ 66775,  67859) |****+
Info: [ 67859,  68943) |****+
Info: [ 68943,  70027) |**********+
Info: [ 70027,  71111) |******************+
Info: [ 71111,  72195) |**********************+
Info: [ 72195,  73279) |***********************+
Info: [ 73279,  74363) |************************+
Info: [ 74363,  75447) |**********************************+
Info: [ 75447,  76531) |****************************************+
Info: [ 76531,  77615) |*********************************+
Info: [ 77615,  78699) |**********************************+
Info: [ 78699,  79783) |*************************************+
Info: [ 79783,  80867) |****************************************+
Info: [ 80867,  81951) |************************************************************ 
Info: Checksum: 0xd99a0cb7

Info: Routing..
Info: Setting up routing queue.
Info: Routing 23308 arcs.
Info:            |   (re-)routed arcs  |   delta    | remaining|       time spent     |
Info:    IterCnt |  w/ripup   wo/ripup |  w/r  wo/r |      arcs| batch(sec) total(sec)|
Info:       1000 |       28        971 |   28   971 |     22395|       1.17       1.17|
Info:       2000 |       73       1926 |   45   955 |     21484|       0.39       1.56|
Info:       3000 |      136       2863 |   63   937 |     20651|       0.43       1.99|
Info:       4000 |      232       3767 |   96   904 |     19809|       0.31       2.30|
Info:       5000 |      340       4659 |  108   892 |     19039|       0.29       2.59|
Info:       6000 |      442       5557 |  102   898 |     18234|       0.27       2.86|
Info:       7000 |      580       6391 |  138   834 |     17527|       0.25       3.10|
Info:       8000 |      798       7145 |  218   754 |     16864|       0.26       3.36|
Info:       9000 |     1034       7909 |  236   764 |     16253|       0.24       3.60|
Info:      10000 |     1210       8676 |  176   767 |     15509|       0.25       3.86|
Info:      11000 |     1457       9382 |  247   706 |     14950|       0.23       4.08|
Info:      12000 |     1635      10142 |  178   760 |     14233|       0.31       4.39|
Info:      13000 |     1799      10900 |  164   758 |     13484|       0.20       4.59|
Info:      14000 |     1988      11651 |  189   751 |     12786|       0.23       4.82|
Info:      15000 |     2216      12375 |  228   724 |     12119|       0.20       5.02|
Info:      16000 |     2396      13157 |  180   782 |     11361|       0.14       5.17|
Info:      17000 |     2625      13884 |  229   727 |     10760|       0.23       5.40|
Info:      18000 |     2812      14632 |  187   748 |     10034|       0.19       5.59|
Info:      19000 |     3049      15377 |  237   745 |      9399|       0.22       5.80|
Info:      20000 |     3290      16072 |  241   695 |      8819|       0.22       6.02|
Info:      21000 |     3556      16772 |  266   700 |      8266|       0.22       6.24|
Info:      22000 |     3790      17512 |  234   740 |      7617|       0.25       6.49|
Info:      23000 |     4089      18210 |  299   698 |      7111|       0.29       6.77|
Info:      24000 |     4348      18951 |  259   741 |      6562|       0.32       7.09|
Info:      25000 |     4641      19654 |  293   703 |      6066|       0.31       7.40|
Info:      26000 |     4985      20310 |  344   656 |      5601|       0.30       7.71|
Info:      27000 |     5358      20937 |  373   627 |      5173|       0.37       8.08|
Info:      28000 |     5754      21517 |  396   580 |      4766|       0.36       8.44|
Info:      29000 |     6146      22101 |  392   584 |      4353|       0.31       8.75|
Info:      30000 |     6550      22683 |  404   582 |      4010|       0.43       9.18|
Info:      31000 |     6966      23255 |  416   572 |      3632|       0.32       9.50|
Info:      32000 |     7293      23918 |  327   663 |      3100|       0.23       9.73|
Info:      33000 |     7554      24657 |  261   739 |      2424|       0.19       9.92|
Info:      34000 |     7882      25321 |  328   664 |      1880|       0.24      10.15|
Info:      35000 |     8033      26170 |  151   849 |      1136|       0.44      10.60|
Info:      36000 |     8282      26921 |  249   751 |       531|       0.49      11.08|
Info:      36668 |     8368      27504 |   86   583 |         0|       0.33      11.42|
Info: Routing complete.
Info: Router1 time 11.42s
Info: Checksum: 0x93f04034

Info: Critical path report for clock 'clk$SB_IO_IN_$glb_clk' (posedge -> posedge):
Info:       type curr  total name
Info:   clk-to-q  0.54  0.54 Source nodes[1].genblk1.connc.u_cell.edges[0].u_hebb.wh_SB_DFFESR_Q_11_D_SB_LUT4_O_LC.O
Info:    routing  0.59  1.13 Net nodes[1].genblk1.connc.u_cell.edges[0].u_hebb.wh[4] (18,26) -> (18,25)
Info:                          Sink nodes[1].genblk1.connc.u_cell.edges[0].u_hebb.age_SB_DFFESR_Q_D_SB_LUT4_O_I1_SB_CARRY_I0_CO_SB_CARRY_CI_CO_SB_CARRY_CI_CO_SB_CARRY_CI_CO_SB_CARRY_CI_CO_SB_CARRY_CI_CO_SB_CARRY_CI_I1_SB_LUT4_O_I1_SB_LUT4_O_I3_SB_LUT4_O_I3_SB_LUT4_O_I3_SB_LUT4_O_I3_SB_LUT4_O_I3_SB_LUT4_O_LC.I0
Info:                          Defined in:
Info:                               rtl/q_hebb_edge.v:65.20-65.22
Info:      logic  0.45  1.58 Source nodes[1].genblk1.connc.u_cell.edges[0].u_hebb.age_SB_DFFESR_Q_D_SB_LUT4_O_I1_SB_CARRY_I0_CO_SB_CARRY_CI_CO_SB_CARRY_CI_CO_SB_CARRY_CI_CO_SB_CARRY_CI_CO_SB_CARRY_CI_CO_SB_CARRY_CI_I1_SB_LUT4_O_I1_SB_LUT4_O_I3_SB_LUT4_O_I3_SB_LUT4_O_I3_SB_LUT4_O_I3_SB_LUT4_O_I3_SB_LUT4_O_LC.O
Info:    routing  0.59  2.16 Net nodes[1].genblk1.connc.u_cell.edges[0].u_hebb.age_SB_DFFESR_Q_D_SB_LUT4_O_I1_SB_CARRY_I0_CO_SB_CARRY_CI_CO_SB_CARRY_CI_CO_SB_CARRY_CI_CO_SB_CARRY_CI_CO_SB_CARRY_CI_CO_SB_CARRY_CI_I1_SB_LUT4_O_I1_SB_LUT4_O_I3_SB_LUT4_O_I3_SB_LUT4_O_I3_SB_LUT4_O_I3_SB_LUT4_O_I3[3] (18,25) -> (19,25)
Info:                          Sink nodes[1].genblk1.connc.u_cell.edges[0].u_hebb.age_SB_DFFESR_Q_D_SB_LUT4_O_I1_SB_CARRY_I0_CO_SB_CARRY_CI_CO_SB_CARRY_CI_CO_SB_CARRY_CI_CO_SB_CARRY_CI_CO_SB_CARRY_CI_CO_SB_CARRY_CI_I1_SB_LUT4_O_I1_SB_LUT4_O_I3_SB_LUT4_O_I3_SB_LUT4_O_I3_SB_LUT4_O_I3_SB_LUT4_O_LC.I3
Info:                          Defined in:
Info:                               /home/eileen/tools/oss-cad-suite/lib/../share/yosys/ice40/cells_map.v:6.21-6.22
Info:      logic  0.31  2.48 Source nodes[1].genblk1.connc.u_cell.edges[0].u_hebb.age_SB_DFFESR_Q_D_SB_LUT4_O_I1_SB_CARRY_I0_CO_SB_CARRY_CI_CO_SB_CARRY_CI_CO_SB_CARRY_CI_CO_SB_CARRY_CI_CO_SB_CARRY_CI_CO_SB_CARRY_CI_I1_SB_LUT4_O_I1_SB_LUT4_O_I3_SB_LUT4_O_I3_SB_LUT4_O_I3_SB_LUT4_O_I3_SB_LUT4_O_LC.O
Info:    routing  0.59  3.07 Net nodes[1].genblk1.connc.u_cell.edges[0].u_hebb.age_SB_DFFESR_Q_D_SB_LUT4_O_I1_SB_CARRY_I0_CO_SB_CARRY_CI_CO_SB_CARRY_CI_CO_SB_CARRY_CI_CO_SB_CARRY_CI_CO_SB_CARRY_CI_CO_SB_CARRY_CI_I1_SB_LUT4_O_I1_SB_LUT4_O_I3_SB_LUT4_O_I3_SB_LUT4_O_I3_SB_LUT4_O_I3[3] (19,25) -> (19,26)
Info:                          Sink nodes[1].genblk1.connc.u_cell.edges[0].u_hebb.age_SB_DFFESR_Q_D_SB_LUT4_O_I1_SB_CARRY_I0_CO_SB_CARRY_CI_CO_SB_CARRY_CI_CO_SB_CARRY_CI_CO_SB_CARRY_CI_CO_SB_CARRY_CI_CO_SB_CARRY_CI_I1_SB_LUT4_O_I1_SB_LUT4_O_I3_SB_LUT4_O_I3_SB_LUT4_O_I3_SB_LUT4_O_LC.I3
Info:                          Defined in:
Info:                               /home/eileen/tools/oss-cad-suite/lib/../share/yosys/ice40/cells_map.v:6.21-6.22
Info:      logic  0.31  3.38 Source nodes[1].genblk1.connc.u_cell.edges[0].u_hebb.age_SB_DFFESR_Q_D_SB_LUT4_O_I1_SB_CARRY_I0_CO_SB_CARRY_CI_CO_SB_CARRY_CI_CO_SB_CARRY_CI_CO_SB_CARRY_CI_CO_SB_CARRY_CI_CO_SB_CARRY_CI_I1_SB_LUT4_O_I1_SB_LUT4_O_I3_SB_LUT4_O_I3_SB_LUT4_O_I3_SB_LUT4_O_LC.O
Info:    routing  1.27  4.66 Net nodes[1].genblk1.connc.u_cell.edges[0].u_hebb.age_SB_DFFESR_Q_D_SB_LUT4_O_I1_SB_CARRY_I0_CO_SB_CARRY_CI_CO_SB_CARRY_CI_CO_SB_CARRY_CI_CO_SB_CARRY_CI_CO_SB_CARRY_CI_CO_SB_CARRY_CI_I1_SB_LUT4_O_I1_SB_LUT4_O_I3_SB_LUT4_O_I3_SB_LUT4_O_I3[3] (19,26) -> (21,29)
Info:                          Sink nodes[1].genblk1.connc.u_cell.edges[0].u_hebb.age_SB_DFFESR_Q_D_SB_LUT4_O_I1_SB_CARRY_I0_CO_SB_CARRY_CI_CO_SB_CARRY_CI_CO_SB_CARRY_CI_CO_SB_CARRY_CI_CO_SB_CARRY_CI_CO_SB_CARRY_CI_I1_SB_LUT4_O_I1_SB_LUT4_O_I3_SB_LUT4_O_I3_SB_LUT4_O_LC.I3
Info:                          Defined in:
Info:                               /home/eileen/tools/oss-cad-suite/lib/../share/yosys/ice40/cells_map.v:6.21-6.22
Info:      logic  0.31  4.97 Source nodes[1].genblk1.connc.u_cell.edges[0].u_hebb.age_SB_DFFESR_Q_D_SB_LUT4_O_I1_SB_CARRY_I0_CO_SB_CARRY_CI_CO_SB_CARRY_CI_CO_SB_CARRY_CI_CO_SB_CARRY_CI_CO_SB_CARRY_CI_CO_SB_CARRY_CI_I1_SB_LUT4_O_I1_SB_LUT4_O_I3_SB_LUT4_O_I3_SB_LUT4_O_LC.O
Info:    routing  0.59  5.56 Net nodes[1].genblk1.connc.u_cell.edges[0].u_hebb.age_SB_DFFESR_Q_D_SB_LUT4_O_I1_SB_CARRY_I0_CO_SB_CARRY_CI_CO_SB_CARRY_CI_CO_SB_CARRY_CI_CO_SB_CARRY_CI_CO_SB_CARRY_CI_CO_SB_CARRY_CI_CO_SB_CARRY_CI_CO_SB_CARRY_CI_CO_SB_CARRY_CI_CO_SB_CARRY_CI_CO_SB_CARRY_CI_CO_SB_CARRY_CI_I1_SB_LUT4_O_I3_SB_LUT4_I3_O_SB_LUT4_O_I2_SB_LUT4_O_I3_SB_LUT4_O_I1[2] (21,29) -> (22,29)
Info:                          Sink nodes[1].genblk1.connc.u_cell.edges[0].u_hebb.age_SB_DFFESR_Q_D_SB_LUT4_O_I1_SB_CARRY_I0_CO_SB_CARRY_CI_CO_SB_CARRY_CI_CO_SB_CARRY_CI_CO_SB_CARRY_CI_CO_SB_CARRY_CI_CO_SB_CARRY_CI_CO_SB_CARRY_CI_CO_SB_CARRY_CI_CO_SB_CARRY_CI_CO_SB_CARRY_CI_CO_SB_CARRY_CI_I1_SB_LUT4_O_I3_SB_LUT4_O_I3_SB_LUT4_O_I1_SB_LUT4_O_I3_SB_LUT4_I3_O_SB_LUT4_O_2_LC.I3
Info:                          Defined in:
Info:                               /home/eileen/tools/oss-cad-suite/lib/../share/yosys/ice40/cells_map.v:6.21-6.22
Info:      logic  0.31  5.87 Source nodes[1].genblk1.connc.u_cell.edges[0].u_hebb.age_SB_DFFESR_Q_D_SB_LUT4_O_I1_SB_CARRY_I0_CO_SB_CARRY_CI_CO_SB_CARRY_CI_CO_SB_CARRY_CI_CO_SB_CARRY_CI_CO_SB_CARRY_CI_CO_SB_CARRY_CI_CO_SB_CARRY_CI_CO_SB_CARRY_CI_CO_SB_CARRY_CI_CO_SB_CARRY_CI_CO_SB_CARRY_CI_I1_SB_LUT4_O_I3_SB_LUT4_O_I3_SB_LUT4_O_I1_SB_LUT4_O_I3_SB_LUT4_I3_O_SB_LUT4_O_2_LC.O
Info:    routing  1.27  7.15 Net nodes[1].genblk1.connc.u_cell.edges[0].u_hebb.age_SB_DFFESR_Q_D_SB_LUT4_O_I1_SB_CARRY_I0_CO_SB_CARRY_CI_CO_SB_CARRY_CI_CO_SB_CARRY_CI_CO_SB_CARRY_CI_CO_SB_CARRY_CI_CO_SB_CARRY_CI_CO_SB_CARRY_CI_CO_SB_CARRY_CI_CO_SB_CARRY_CI_CO_SB_CARRY_CI_CO_SB_CARRY_CI_CO_SB_CARRY_CI_I1_SB_LUT4_O_I3_SB_LUT4_I3_O_SB_LUT4_O_I2_SB_LUT4_O_1_I2_SB_LUT4_O_I2[3] (22,29) -> (20,28)
Info:                          Sink nodes[1].genblk1.connc.u_cell.edges[0].u_hebb.age_SB_DFFESR_Q_D_SB_LUT4_O_I1_SB_CARRY_I0_CO_SB_CARRY_CI_CO_SB_CARRY_CI_CO_SB_CARRY_CI_CO_SB_CARRY_CI_CO_SB_CARRY_CI_CO_SB_CARRY_CI_CO_SB_CARRY_CI_CO_SB_CARRY_CI_CO_SB_CARRY_CI_CO_SB_CARRY_CI_CO_SB_CARRY_CI_CO_SB_CARRY_CI_I1_SB_LUT4_O_I3_SB_LUT4_O_I3_SB_LUT4_O_LC.I3
Info:                          Defined in:
Info:                               /home/eileen/tools/oss-cad-suite/lib/../share/yosys/ice40/cells_map.v:6.21-6.22
Info:      logic  0.31  7.46 Source nodes[1].genblk1.connc.u_cell.edges[0].u_hebb.age_SB_DFFESR_Q_D_SB_LUT4_O_I1_SB_CARRY_I0_CO_SB_CARRY_CI_CO_SB_CARRY_CI_CO_SB_CARRY_CI_CO_SB_CARRY_CI_CO_SB_CARRY_CI_CO_SB_CARRY_CI_CO_SB_CARRY_CI_CO_SB_CARRY_CI_CO_SB_CARRY_CI_CO_SB_CARRY_CI_CO_SB_CARRY_CI_CO_SB_CARRY_CI_I1_SB_LUT4_O_I3_SB_LUT4_O_I3_SB_LUT4_O_LC.O
Info:    routing  0.59  8.05 Net nodes[1].genblk1.connc.u_cell.edges[0].u_hebb.age_SB_DFFESR_Q_D_SB_LUT4_O_I1_SB_CARRY_I0_CO_SB_CARRY_CI_CO_SB_CARRY_CI_CO_SB_CARRY_CI_CO_SB_CARRY_CI_CO_SB_CARRY_CI_CO_SB_CARRY_CI_CO_SB_CARRY_CI_CO_SB_CARRY_CI_CO_SB_CARRY_CI_CO_SB_CARRY_CI_CO_SB_CARRY_CI_CO_SB_CARRY_CI_I1_SB_LUT4_O_I3_SB_LUT4_I3_O_SB_LUT4_O_I2_SB_LUT4_O_I2[3] (20,28) -> (19,29)
Info:                          Sink nodes[1].genblk1.connc.u_cell.edges[0].u_hebb.age_SB_DFFESR_Q_D_SB_LUT4_O_I1_SB_CARRY_I0_CO_SB_CARRY_CI_CO_SB_CARRY_CI_CO_SB_CARRY_CI_CO_SB_CARRY_CI_CO_SB_CARRY_CI_CO_SB_CARRY_CI_CO_SB_CARRY_CI_CO_SB_CARRY_CI_CO_SB_CARRY_CI_CO_SB_CARRY_CI_CO_SB_CARRY_CI_CO_SB_CARRY_CI_I1_SB_LUT4_O_I3_SB_LUT4_O_LC.I3
Info:                          Defined in:
Info:                               /home/eileen/tools/oss-cad-suite/lib/../share/yosys/ice40/cells_map.v:6.21-6.22
Info:      logic  0.31  8.37 Source nodes[1].genblk1.connc.u_cell.edges[0].u_hebb.age_SB_DFFESR_Q_D_SB_LUT4_O_I1_SB_CARRY_I0_CO_SB_CARRY_CI_CO_SB_CARRY_CI_CO_SB_CARRY_CI_CO_SB_CARRY_CI_CO_SB_CARRY_CI_CO_SB_CARRY_CI_CO_SB_CARRY_CI_CO_SB_CARRY_CI_CO_SB_CARRY_CI_CO_SB_CARRY_CI_CO_SB_CARRY_CI_CO_SB_CARRY_CI_I1_SB_LUT4_O_I3_SB_LUT4_O_LC.O
Info:    routing  0.59  8.95 Net nodes[1].genblk1.connc.u_cell.edges[0].u_hebb.age_SB_DFFESR_Q_D_SB_LUT4_O_I1_SB_CARRY_I0_CO_SB_CARRY_CI_CO_SB_CARRY_CI_CO_SB_CARRY_CI_CO_SB_CARRY_CI_CO_SB_CARRY_CI_CO_SB_CARRY_CI_CO_SB_CARRY_CI_CO_SB_CARRY_CI_CO_SB_CARRY_CI_CO_SB_CARRY_CI_CO_SB_CARRY_CI_CO_SB_CARRY_CI_I1_SB_LUT4_O_I3[3] (19,29) -> (20,28)
Info:                          Sink nodes[1].genblk1.connc.u_cell.edges[0].u_hebb.age_SB_DFFESR_Q_D_SB_LUT4_O_I1_SB_CARRY_I0_CO_SB_CARRY_CI_CO_SB_CARRY_CI_CO_SB_CARRY_CI_CO_SB_CARRY_CI_CO_SB_CARRY_CI_CO_SB_CARRY_CI_CO_SB_CARRY_CI_CO_SB_CARRY_CI_CO_SB_CARRY_CI_CO_SB_CARRY_CI_CO_SB_CARRY_CI_CO_SB_CARRY_CI_I1_SB_LUT4_O_I3_SB_LUT4_I3_LC.I3
Info:                          Defined in:
Info:                               /home/eileen/tools/oss-cad-suite/lib/../share/yosys/ice40/cells_map.v:6.21-6.22
Info:      logic  0.31  9.27 Source nodes[1].genblk1.connc.u_cell.edges[0].u_hebb.age_SB_DFFESR_Q_D_SB_LUT4_O_I1_SB_CARRY_I0_CO_SB_CARRY_CI_CO_SB_CARRY_CI_CO_SB_CARRY_CI_CO_SB_CARRY_CI_CO_SB_CARRY_CI_CO_SB_CARRY_CI_CO_SB_CARRY_CI_CO_SB_CARRY_CI_CO_SB_CARRY_CI_CO_SB_CARRY_CI_CO_SB_CARRY_CI_CO_SB_CARRY_CI_I1_SB_LUT4_O_I3_SB_LUT4_I3_LC.O
Info:    routing  0.96  10.23 Net nodes[1].genblk1.connc.u_cell.edges[0].u_hebb.age_SB_DFFESR_Q_D_SB_LUT4_O_I1_SB_CARRY_I0_CO_SB_CARRY_CI_CO_SB_CARRY_CI_CO_SB_CARRY_CI_CO_SB_CARRY_CI_CO_SB_CARRY_CI_CO_SB_CARRY_CI_CO_SB_CARRY_CI_CO_SB_CARRY_CI_CO_SB_CARRY_CI_CO_SB_CARRY_CI_CO_SB_CARRY_CI_CO_SB_CARRY_CI_I1_SB_LUT4_O_I3_SB_LUT4_I3_O[1] (20,28) -> (20,25)
Info:                          Sink nodes[1].genblk1.connc.u_cell.edges[0].u_hebb.age_SB_DFFESR_Q_D_SB_LUT4_O_I1_SB_CARRY_I0_CO_SB_CARRY_CI_CO_SB_CARRY_CI_CO_SB_CARRY_CI_CO_SB_CARRY_CI_CO_SB_CARRY_CI_CO_SB_CARRY_CI_CO_SB_CARRY_CI_CO_SB_CARRY_CI_CO_SB_CARRY_CI_CO_SB_CARRY_CI_CO_SB_CARRY_CI_I1_SB_LUT4_O_I2_SB_LUT4_I3_O_SB_LUT4_I2_O_SB_LUT4_O_1_LC.I2
Info:                          Defined in:
Info:                               /home/eileen/tools/oss-cad-suite/lib/../share/yosys/ice40/cells_map.v:6.21-6.22
Info:      logic  0.38  10.61 Source nodes[1].genblk1.connc.u_cell.edges[0].u_hebb.age_SB_DFFESR_Q_D_SB_LUT4_O_I1_SB_CARRY_I0_CO_SB_CARRY_CI_CO_SB_CARRY_CI_CO_SB_CARRY_CI_CO_SB_CARRY_CI_CO_SB_CARRY_CI_CO_SB_CARRY_CI_CO_SB_CARRY_CI_CO_SB_CARRY_CI_CO_SB_CARRY_CI_CO_SB_CARRY_CI_CO_SB_CARRY_CI_I1_SB_LUT4_O_I2_SB_LUT4_I3_O_SB_LUT4_I2_O_SB_LUT4_O_1_LC.O
Info:    routing  0.59  11.19 Net nodes[1].genblk1.connc.u_cell.edges[0].u_hebb.age_SB_DFFESR_Q_D_SB_LUT4_O_I1_SB_CARRY_I0_CO_SB_CARRY_CI_CO_SB_CARRY_CI_CO_SB_CARRY_CI_CO_SB_CARRY_CI_CO_SB_CARRY_CI_CO_SB_CARRY_CI_CO_SB_CARRY_CI_CO_SB_CARRY_CI_CO_SB_CARRY_CI_CO_SB_CARRY_CI_CO_SB_CARRY_CI_I1_SB_LUT4_O_I2_SB_LUT4_I3_O_SB_LUT4_I2_O[3] (20,25) -> (20,26)
Info:                          Sink nodes[1].genblk1.connc.u_cell.edges[0].u_hebb.age_SB_DFFESR_Q_5_D_SB_LUT4_O_I0_SB_CARRY_I0_CI_SB_CARRY_CO_CI_SB_CARRY_CO_I1_SB_LUT4_O_I0_SB_LUT4_O_2_LC.I3
Info:                          Defined in:
Info:                               /home/eileen/tools/oss-cad-suite/lib/../share/yosys/ice40/cells_map.v:6.21-6.22
Info:      logic  0.31  11.51 Source nodes[1].genblk1.connc.u_cell.edges[0].u_hebb.age_SB_DFFESR_Q_5_D_SB_LUT4_O_I0_SB_CARRY_I0_CI_SB_CARRY_CO_CI_SB_CARRY_CO_I1_SB_LUT4_O_I0_SB_LUT4_O_2_LC.O
Info:    routing  0.59  12.10 Net nodes[1].genblk1.connc.u_cell.edges[0].u_hebb.age_SB_DFFESR_Q_5_D_SB_LUT4_O_I0_SB_CARRY_I0_CI_SB_CARRY_CO_CI_SB_CARRY_CO_I1_SB_LUT4_O_I0[2] (20,26) -> (20,26)
Info:                          Sink nodes[1].genblk1.connc.u_cell.edges[0].u_hebb.age_SB_DFFESR_Q_5_D_SB_LUT4_O_I0_SB_CARRY_I0_CI_SB_CARRY_CO_CI_SB_CARRY_CO_I1_SB_LUT4_O_LC.I2
Info:                          Defined in:
Info:                               /home/eileen/tools/oss-cad-suite/lib/../share/yosys/ice40/cells_map.v:6.21-6.22
Info:      logic  0.38  12.48 Source nodes[1].genblk1.connc.u_cell.edges[0].u_hebb.age_SB_DFFESR_Q_5_D_SB_LUT4_O_I0_SB_CARRY_I0_CI_SB_CARRY_CO_CI_SB_CARRY_CO_I1_SB_LUT4_O_LC.O
Info:    routing  0.59  13.06 Net nodes[1].genblk1.connc.u_cell.edges[0].u_hebb.age_SB_DFFESR_Q_5_D_SB_LUT4_O_I0_SB_CARRY_I0_CI_SB_CARRY_CO_CI_SB_CARRY_CO_I1 (20,26) -> (21,25)
Info:                          Sink nodes[1].genblk1.connc.u_cell.edges[0].u_hebb.age_SB_DFFESR_Q_5_D_SB_LUT4_O_I0_SB_CARRY_I0_CI_SB_CARRY_CO_CI_SB_CARRY_CO$CARRY.I2
Info:      logic  0.23  13.29 Source nodes[1].genblk1.connc.u_cell.edges[0].u_hebb.age_SB_DFFESR_Q_5_D_SB_LUT4_O_I0_SB_CARRY_I0_CI_SB_CARRY_CO_CI_SB_CARRY_CO$CARRY.COUT
Info:    routing  0.00  13.29 Net nodes[1].genblk1.connc.u_cell.edges[0].u_hebb.age_SB_DFFESR_Q_5_D_SB_LUT4_O_I0_SB_CARRY_I0_CI_SB_CARRY_CO_CI (21,25) -> (21,25)
Info:                          Sink nodes[1].genblk1.connc.u_cell.edges[0].u_hebb.age_SB_DFFESR_Q_5_D_SB_LUT4_O_I0_SB_CARRY_I0_CI_SB_CARRY_CO$CARRY.CIN
Info:                          Defined in:
Info:                               rtl/q_hebb_edge.v:87.48-87.60
Info:                               /home/eileen/tools/oss-cad-suite/lib/../share/yosys/ice40/arith_map.v:62.5-70.4
Info:                               /home/eileen/tools/oss-cad-suite/lib/../share/yosys/ice40/abc9_model.v:4.9-4.11
Info:      logic  0.13  13.42 Source nodes[1].genblk1.connc.u_cell.edges[0].u_hebb.age_SB_DFFESR_Q_5_D_SB_LUT4_O_I0_SB_CARRY_I0_CI_SB_CARRY_CO$CARRY.COUT
Info:    routing  0.00  13.42 Net nodes[1].genblk1.connc.u_cell.edges[0].u_hebb.age_SB_DFFESR_Q_5_D_SB_LUT4_O_I0_SB_CARRY_I0_CI (21,25) -> (21,25)
Info:                          Sink nodes[1].genblk1.connc.u_cell.edges[0].u_hebb.age_SB_DFFESR_Q_5_D_SB_LUT4_O_I0_SB_CARRY_I0$CARRY.CIN
Info:                          Defined in:
Info:                               rtl/q_hebb_edge.v:87.48-87.60
Info:                               /home/eileen/tools/oss-cad-suite/lib/../share/yosys/ice40/arith_map.v:62.5-70.4
Info:                               /home/eileen/tools/oss-cad-suite/lib/../share/yosys/ice40/abc9_model.v:4.9-4.11
Info:      logic  0.13  13.55 Source nodes[1].genblk1.connc.u_cell.edges[0].u_hebb.age_SB_DFFESR_Q_5_D_SB_LUT4_O_I0_SB_CARRY_I0$CARRY.COUT
Info:    routing  0.00  13.55 Net nodes[1].genblk1.connc.u_cell.edges[0].u_hebb.age_SB_DFFESR_Q_5_D_SB_LUT4_O_I0_SB_CARRY_I0_CO (21,25) -> (21,25)
Info:                          Sink nodes[1].genblk1.connc.u_cell.edges[0].u_hebb.age_SB_DFFESR_Q_4_D_SB_LUT4_O_I0_SB_CARRY_I0$CARRY.CIN
Info:                          Defined in:
Info:                               rtl/q_hebb_edge.v:87.48-87.60
Info:                               /home/eileen/tools/oss-cad-suite/lib/../share/yosys/ice40/arith_map.v:62.5-70.4
Info:                               /home/eileen/tools/oss-cad-suite/lib/../share/yosys/ice40/abc9_model.v:4.9-4.11
Info:      logic  0.13  13.67 Source nodes[1].genblk1.connc.u_cell.edges[0].u_hebb.age_SB_DFFESR_Q_4_D_SB_LUT4_O_I0_SB_CARRY_I0$CARRY.COUT
Info:    routing  0.00  13.67 Net nodes[1].genblk1.connc.u_cell.edges[0].u_hebb.age_SB_DFFESR_Q_4_D_SB_LUT4_O_I0_SB_CARRY_I0_CO (21,25) -> (21,25)
Info:                          Sink nodes[1].genblk1.connc.u_cell.edges[0].u_hebb.age_SB_DFFESR_Q_3_D_SB_LUT4_O_I0_SB_CARRY_I0$CARRY.CIN
Info:                          Defined in:
Info:                               rtl/q_hebb_edge.v:87.48-87.60
Info:                               /home/eileen/tools/oss-cad-suite/lib/../share/yosys/ice40/arith_map.v:62.5-70.4
Info:                               /home/eileen/tools/oss-cad-suite/lib/../share/yosys/ice40/abc9_model.v:4.9-4.11
Info:      logic  0.13  13.80 Source nodes[1].genblk1.connc.u_cell.edges[0].u_hebb.age_SB_DFFESR_Q_3_D_SB_LUT4_O_I0_SB_CARRY_I0$CARRY.COUT
Info:    routing  0.00  13.80 Net nodes[1].genblk1.connc.u_cell.edges[0].u_hebb.age_SB_DFFESR_Q_3_D_SB_LUT4_O_I0_SB_CARRY_I0_CO (21,25) -> (21,25)
Info:                          Sink nodes[1].genblk1.connc.u_cell.edges[0].u_hebb.age_SB_DFFESR_Q_2_D_SB_LUT4_O_I0_SB_CARRY_I0$CARRY.CIN
Info:                          Defined in:
Info:                               rtl/q_hebb_edge.v:87.48-87.60
Info:                               /home/eileen/tools/oss-cad-suite/lib/../share/yosys/ice40/arith_map.v:62.5-70.4
Info:                               /home/eileen/tools/oss-cad-suite/lib/../share/yosys/ice40/abc9_model.v:4.9-4.11
Info:      logic  0.13  13.92 Source nodes[1].genblk1.connc.u_cell.edges[0].u_hebb.age_SB_DFFESR_Q_2_D_SB_LUT4_O_I0_SB_CARRY_I0$CARRY.COUT
Info:    routing  0.00  13.92 Net nodes[1].genblk1.connc.u_cell.edges[0].u_hebb.age_SB_DFFESR_Q_2_D_SB_LUT4_O_I0_SB_CARRY_I0_CO (21,25) -> (21,25)
Info:                          Sink nodes[1].genblk1.connc.u_cell.edges[0].u_hebb.age_SB_DFFESR_Q_1_D_SB_LUT4_O_I1_SB_CARRY_I0$CARRY.CIN
Info:                          Defined in:
Info:                               rtl/q_hebb_edge.v:87.48-87.60
Info:                               /home/eileen/tools/oss-cad-suite/lib/../share/yosys/ice40/arith_map.v:62.5-70.4
Info:                               /home/eileen/tools/oss-cad-suite/lib/../share/yosys/ice40/abc9_model.v:4.9-4.11
Info:      logic  0.13  14.05 Source nodes[1].genblk1.connc.u_cell.edges[0].u_hebb.age_SB_DFFESR_Q_1_D_SB_LUT4_O_I1_SB_CARRY_I0$CARRY.COUT
Info:    routing  0.00  14.05 Net nodes[1].genblk1.connc.u_cell.edges[0].u_hebb.age_SB_DFFESR_Q_1_D_SB_LUT4_O_I1_SB_CARRY_I0_CO (21,25) -> (21,25)
Info:                          Sink nodes[1].genblk1.connc.u_cell.edges[0].u_hebb.age_SB_DFFESR_Q_D_SB_LUT4_O_I1_SB_CARRY_I0$CARRY.CIN
Info:                          Defined in:
Info:                               rtl/q_hebb_edge.v:87.48-87.60
Info:                               /home/eileen/tools/oss-cad-suite/lib/../share/yosys/ice40/arith_map.v:62.5-70.4
Info:                               /home/eileen/tools/oss-cad-suite/lib/../share/yosys/ice40/abc9_model.v:4.9-4.11
Info:      logic  0.13  14.18 Source nodes[1].genblk1.connc.u_cell.edges[0].u_hebb.age_SB_DFFESR_Q_D_SB_LUT4_O_I1_SB_CARRY_I0$CARRY.COUT
Info:    routing  0.20  14.37 Net nodes[1].genblk1.connc.u_cell.edges[0].u_hebb.age_SB_DFFESR_Q_D_SB_LUT4_O_I1_SB_CARRY_I0_CO (21,25) -> (21,26)
Info:                          Sink nodes[1].genblk1.connc.u_cell.edges[0].u_hebb.age_SB_DFFESR_Q_D_SB_LUT4_O_I1_SB_CARRY_I0_CO_SB_CARRY_CI$CARRY.CIN
Info:                          Defined in:
Info:                               rtl/q_hebb_edge.v:87.48-87.60
Info:                               /home/eileen/tools/oss-cad-suite/lib/../share/yosys/ice40/arith_map.v:62.5-70.4
Info:                               /home/eileen/tools/oss-cad-suite/lib/../share/yosys/ice40/abc9_model.v:4.9-4.11
Info:      logic  0.13  14.50 Source nodes[1].genblk1.connc.u_cell.edges[0].u_hebb.age_SB_DFFESR_Q_D_SB_LUT4_O_I1_SB_CARRY_I0_CO_SB_CARRY_CI$CARRY.COUT
Info:    routing  0.00  14.50 Net nodes[1].genblk1.connc.u_cell.edges[0].u_hebb.age_SB_DFFESR_Q_D_SB_LUT4_O_I1_SB_CARRY_I0_CO_SB_CARRY_CI_CO (21,26) -> (21,26)
Info:                          Sink nodes[1].genblk1.connc.u_cell.edges[0].u_hebb.age_SB_DFFESR_Q_D_SB_LUT4_O_I1_SB_CARRY_I0_CO_SB_CARRY_CI_CO_SB_CARRY_CI$CARRY.CIN
Info:                          Defined in:
Info:                               rtl/q_hebb_edge.v:87.48-87.60
Info:                               /home/eileen/tools/oss-cad-suite/lib/../share/yosys/ice40/arith_map.v:62.5-70.4
Info:                               /home/eileen/tools/oss-cad-suite/lib/../share/yosys/ice40/abc9_model.v:4.9-4.11
Info:      logic  0.13  14.62 Source nodes[1].genblk1.connc.u_cell.edges[0].u_hebb.age_SB_DFFESR_Q_D_SB_LUT4_O_I1_SB_CARRY_I0_CO_SB_CARRY_CI_CO_SB_CARRY_CI$CARRY.COUT
Info:    routing  0.00  14.62 Net nodes[1].genblk1.connc.u_cell.edges[0].u_hebb.age_SB_DFFESR_Q_D_SB_LUT4_O_I1_SB_CARRY_I0_CO_SB_CARRY_CI_CO_SB_CARRY_CI_CO (21,26) -> (21,26)
Info:                          Sink nodes[1].genblk1.connc.u_cell.edges[0].u_hebb.age_SB_DFFESR_Q_D_SB_LUT4_O_I1_SB_CARRY_I0_CO_SB_CARRY_CI_CO_SB_CARRY_CI_CO_SB_CARRY_CI$CARRY.CIN
Info:                          Defined in:
Info:                               rtl/q_hebb_edge.v:87.48-87.60
Info:                               /home/eileen/tools/oss-cad-suite/lib/../share/yosys/ice40/arith_map.v:62.5-70.4
Info:                               /home/eileen/tools/oss-cad-suite/lib/../share/yosys/ice40/abc9_model.v:4.9-4.11
Info:      logic  0.13  14.75 Source nodes[1].genblk1.connc.u_cell.edges[0].u_hebb.age_SB_DFFESR_Q_D_SB_LUT4_O_I1_SB_CARRY_I0_CO_SB_CARRY_CI_CO_SB_CARRY_CI_CO_SB_CARRY_CI$CARRY.COUT
Info:    routing  0.00  14.75 Net nodes[1].genblk1.connc.u_cell.edges[0].u_hebb.age_SB_DFFESR_Q_D_SB_LUT4_O_I1_SB_CARRY_I0_CO_SB_CARRY_CI_CO_SB_CARRY_CI_CO_SB_CARRY_CI_CO (21,26) -> (21,26)
Info:                          Sink nodes[1].genblk1.connc.u_cell.edges[0].u_hebb.age_SB_DFFESR_Q_D_SB_LUT4_O_I1_SB_CARRY_I0_CO_SB_CARRY_CI_CO_SB_CARRY_CI_CO_SB_CARRY_CI_CO_SB_CARRY_CI$CARRY.CIN
Info:                          Defined in:
Info:                               rtl/q_hebb_edge.v:87.48-87.60
Info:                               /home/eileen/tools/oss-cad-suite/lib/../share/yosys/ice40/arith_map.v:62.5-70.4
Info:                               /home/eileen/tools/oss-cad-suite/lib/../share/yosys/ice40/abc9_model.v:4.9-4.11
Info:      logic  0.13  14.88 Source nodes[1].genblk1.connc.u_cell.edges[0].u_hebb.age_SB_DFFESR_Q_D_SB_LUT4_O_I1_SB_CARRY_I0_CO_SB_CARRY_CI_CO_SB_CARRY_CI_CO_SB_CARRY_CI_CO_SB_CARRY_CI$CARRY.COUT
Info:    routing  0.00  14.88 Net nodes[1].genblk1.connc.u_cell.edges[0].u_hebb.age_SB_DFFESR_Q_D_SB_LUT4_O_I1_SB_CARRY_I0_CO_SB_CARRY_CI_CO_SB_CARRY_CI_CO_SB_CARRY_CI_CO_SB_CARRY_CI_CO (21,26) -> (21,26)
Info:                          Sink nodes[1].genblk1.connc.u_cell.edges[0].u_hebb.age_SB_DFFESR_Q_D_SB_LUT4_O_I1_SB_CARRY_I0_CO_SB_CARRY_CI_CO_SB_CARRY_CI_CO_SB_CARRY_CI_CO_SB_CARRY_CI_CO_SB_CARRY_CI$CARRY.CIN
Info:                          Defined in:
Info:                               rtl/q_hebb_edge.v:87.48-87.60
Info:                               /home/eileen/tools/oss-cad-suite/lib/../share/yosys/ice40/arith_map.v:62.5-70.4
Info:                               /home/eileen/tools/oss-cad-suite/lib/../share/yosys/ice40/abc9_model.v:4.9-4.11
Info:      logic  0.13  15.00 Source nodes[1].genblk1.connc.u_cell.edges[0].u_hebb.age_SB_DFFESR_Q_D_SB_LUT4_O_I1_SB_CARRY_I0_CO_SB_CARRY_CI_CO_SB_CARRY_CI_CO_SB_CARRY_CI_CO_SB_CARRY_CI_CO_SB_CARRY_CI$CARRY.COUT
Info:    routing  0.00  15.00 Net nodes[1].genblk1.connc.u_cell.edges[0].u_hebb.age_SB_DFFESR_Q_D_SB_LUT4_O_I1_SB_CARRY_I0_CO_SB_CARRY_CI_CO_SB_CARRY_CI_CO_SB_CARRY_CI_CO_SB_CARRY_CI_CO_SB_CARRY_CI_CO (21,26) -> (21,26)
Info:                          Sink nodes[1].genblk1.connc.u_cell.edges[0].u_hebb.age_SB_DFFESR_Q_D_SB_LUT4_O_I1_SB_CARRY_I0_CO_SB_CARRY_CI_CO_SB_CARRY_CI_CO_SB_CARRY_CI_CO_SB_CARRY_CI_CO_SB_CARRY_CI_CO_SB_CARRY_CI$CARRY.CIN
Info:                          Defined in:
Info:                               rtl/q_hebb_edge.v:87.48-87.60
Info:                               /home/eileen/tools/oss-cad-suite/lib/../share/yosys/ice40/arith_map.v:62.5-70.4
Info:                               /home/eileen/tools/oss-cad-suite/lib/../share/yosys/ice40/abc9_model.v:4.9-4.11
Info:      logic  0.13  15.13 Source nodes[1].genblk1.connc.u_cell.edges[0].u_hebb.age_SB_DFFESR_Q_D_SB_LUT4_O_I1_SB_CARRY_I0_CO_SB_CARRY_CI_CO_SB_CARRY_CI_CO_SB_CARRY_CI_CO_SB_CARRY_CI_CO_SB_CARRY_CI_CO_SB_CARRY_CI$CARRY.COUT
Info:    routing  0.00  15.13 Net nodes[1].genblk1.connc.u_cell.edges[0].u_hebb.age_SB_DFFESR_Q_D_SB_LUT4_O_I1_SB_CARRY_I0_CO_SB_CARRY_CI_CO_SB_CARRY_CI_CO_SB_CARRY_CI_CO_SB_CARRY_CI_CO_SB_CARRY_CI_CO_SB_CARRY_CI_CO (21,26) -> (21,26)
Info:                          Sink nodes[1].genblk1.connc.u_cell.edges[0].u_hebb.age_SB_DFFESR_Q_D_SB_LUT4_O_I1_SB_CARRY_I0_CO_SB_CARRY_CI_CO_SB_CARRY_CI_CO_SB_CARRY_CI_CO_SB_CARRY_CI_CO_SB_CARRY_CI_CO_SB_CARRY_CI_CO_SB_CARRY_CI$CARRY.CIN
Info:                          Defined in:
Info:                               rtl/q_hebb_edge.v:87.48-87.60
Info:                               /home/eileen/tools/oss-cad-suite/lib/../share/yosys/ice40/arith_map.v:62.5-70.4
Info:                               /home/eileen/tools/oss-cad-suite/lib/../share/yosys/ice40/abc9_model.v:4.9-4.11
Info:      logic  0.13  15.25 Source nodes[1].genblk1.connc.u_cell.edges[0].u_hebb.age_SB_DFFESR_Q_D_SB_LUT4_O_I1_SB_CARRY_I0_CO_SB_CARRY_CI_CO_SB_CARRY_CI_CO_SB_CARRY_CI_CO_SB_CARRY_CI_CO_SB_CARRY_CI_CO_SB_CARRY_CI_CO_SB_CARRY_CI$CARRY.COUT
Info:    routing  0.00  15.25 Net nodes[1].genblk1.connc.u_cell.edges[0].u_hebb.age_SB_DFFESR_Q_D_SB_LUT4_O_I1_SB_CARRY_I0_CO_SB_CARRY_CI_CO_SB_CARRY_CI_CO_SB_CARRY_CI_CO_SB_CARRY_CI_CO_SB_CARRY_CI_CO_SB_CARRY_CI_CO_SB_CARRY_CI_CO (21,26) -> (21,26)
Info:                          Sink nodes[1].genblk1.connc.u_cell.edges[0].u_hebb.age_SB_DFFESR_Q_D_SB_LUT4_O_I1_SB_CARRY_I0_CO_SB_CARRY_CI_CO_SB_CARRY_CI_CO_SB_CARRY_CI_CO_SB_CARRY_CI_CO_SB_CARRY_CI_CO_SB_CARRY_CI_CO_SB_CARRY_CI_CO_SB_CARRY_CI$CARRY.CIN
Info:                          Defined in:
Info:                               rtl/q_hebb_edge.v:87.48-87.60
Info:                               /home/eileen/tools/oss-cad-suite/lib/../share/yosys/ice40/arith_map.v:62.5-70.4
Info:                               /home/eileen/tools/oss-cad-suite/lib/../share/yosys/ice40/abc9_model.v:4.9-4.11
Info:      logic  0.13  15.38 Source nodes[1].genblk1.connc.u_cell.edges[0].u_hebb.age_SB_DFFESR_Q_D_SB_LUT4_O_I1_SB_CARRY_I0_CO_SB_CARRY_CI_CO_SB_CARRY_CI_CO_SB_CARRY_CI_CO_SB_CARRY_CI_CO_SB_CARRY_CI_CO_SB_CARRY_CI_CO_SB_CARRY_CI_CO_SB_CARRY_CI$CARRY.COUT
Info:    routing  0.20  15.58 Net nodes[1].genblk1.connc.u_cell.edges[0].u_hebb.age_SB_DFFESR_Q_D_SB_LUT4_O_I1_SB_CARRY_I0_CO_SB_CARRY_CI_CO_SB_CARRY_CI_CO_SB_CARRY_CI_CO_SB_CARRY_CI_CO_SB_CARRY_CI_CO_SB_CARRY_CI_CO_SB_CARRY_CI_CO_SB_CARRY_CI_CO (21,26) -> (21,27)
Info:                          Sink nodes[1].genblk1.connc.u_cell.edges[0].u_hebb.age_SB_DFFESR_Q_D_SB_LUT4_O_I1_SB_CARRY_I0_CO_SB_CARRY_CI_CO_SB_CARRY_CI_CO_SB_CARRY_CI_CO_SB_CARRY_CI_CO_SB_CARRY_CI_CO_SB_CARRY_CI_CO_SB_CARRY_CI_CO_SB_CARRY_CI_CO_SB_CARRY_CI$CARRY.CIN
Info:                          Defined in:
Info:                               rtl/q_hebb_edge.v:87.48-87.60
Info:                               /home/eileen/tools/oss-cad-suite/lib/../share/yosys/ice40/arith_map.v:62.5-70.4
Info:                               /home/eileen/tools/oss-cad-suite/lib/../share/yosys/ice40/abc9_model.v:4.9-4.11
Info:      logic  0.13  15.70 Source nodes[1].genblk1.connc.u_cell.edges[0].u_hebb.age_SB_DFFESR_Q_D_SB_LUT4_O_I1_SB_CARRY_I0_CO_SB_CARRY_CI_CO_SB_CARRY_CI_CO_SB_CARRY_CI_CO_SB_CARRY_CI_CO_SB_CARRY_CI_CO_SB_CARRY_CI_CO_SB_CARRY_CI_CO_SB_CARRY_CI_CO_SB_CARRY_CI$CARRY.COUT
Info:    routing  0.00  15.70 Net nodes[1].genblk1.connc.u_cell.edges[0].u_hebb.age_SB_DFFESR_Q_D_SB_LUT4_O_I1_SB_CARRY_I0_CO_SB_CARRY_CI_CO_SB_CARRY_CI_CO_SB_CARRY_CI_CO_SB_CARRY_CI_CO_SB_CARRY_CI_CO_SB_CARRY_CI_CO_SB_CARRY_CI_CO_SB_CARRY_CI_CO_SB_CARRY_CI_CO (21,27) -> (21,27)
Info:                          Sink nodes[1].genblk1.connc.u_cell.edges[0].u_hebb.age_SB_DFFESR_Q_D_SB_LUT4_O_I1_SB_CARRY_I0_CO_SB_CARRY_CI_CO_SB_CARRY_CI_CO_SB_CARRY_CI_CO_SB_CARRY_CI_CO_SB_CARRY_CI_CO_SB_CARRY_CI_CO_SB_CARRY_CI_CO_SB_CARRY_CI_CO_SB_CARRY_CI_CO_SB_CARRY_CI$CARRY.CIN
Info:                          Defined in:
Info:                               rtl/q_hebb_edge.v:87.48-87.60
Info:                               /home/eileen/tools/oss-cad-suite/lib/../share/yosys/ice40/arith_map.v:62.5-70.4
Info:                               /home/eileen/tools/oss-cad-suite/lib/../share/yosys/ice40/abc9_model.v:4.9-4.11
Info:      logic  0.13  15.83 Source nodes[1].genblk1.connc.u_cell.edges[0].u_hebb.age_SB_DFFESR_Q_D_SB_LUT4_O_I1_SB_CARRY_I0_CO_SB_CARRY_CI_CO_SB_CARRY_CI_CO_SB_CARRY_CI_CO_SB_CARRY_CI_CO_SB_CARRY_CI_CO_SB_CARRY_CI_CO_SB_CARRY_CI_CO_SB_CARRY_CI_CO_SB_CARRY_CI_CO_SB_CARRY_CI$CARRY.COUT
Info:    routing  0.00  15.83 Net nodes[1].genblk1.connc.u_cell.edges[0].u_hebb.age_SB_DFFESR_Q_D_SB_LUT4_O_I1_SB_CARRY_I0_CO_SB_CARRY_CI_CO_SB_CARRY_CI_CO_SB_CARRY_CI_CO_SB_CARRY_CI_CO_SB_CARRY_CI_CO_SB_CARRY_CI_CO_SB_CARRY_CI_CO_SB_CARRY_CI_CO_SB_CARRY_CI_CO_SB_CARRY_CI_CO (21,27) -> (21,27)
Info:                          Sink nodes[1].genblk1.connc.u_cell.edges[0].u_hebb.age_SB_DFFESR_Q_D_SB_LUT4_O_I1_SB_CARRY_I0_CO_SB_CARRY_CI_CO_SB_CARRY_CI_CO_SB_CARRY_CI_CO_SB_CARRY_CI_CO_SB_CARRY_CI_CO_SB_CARRY_CI_CO_SB_CARRY_CI_CO_SB_CARRY_CI_CO_SB_CARRY_CI_CO_SB_CARRY_CI_CO_SB_CARRY_CI$CARRY.CIN
Info:                          Defined in:
Info:                               rtl/q_hebb_edge.v:87.48-87.60
Info:                               /home/eileen/tools/oss-cad-suite/lib/../share/yosys/ice40/arith_map.v:62.5-70.4
Info:                               /home/eileen/tools/oss-cad-suite/lib/../share/yosys/ice40/abc9_model.v:4.9-4.11
Info:      logic  0.13  15.95 Source nodes[1].genblk1.connc.u_cell.edges[0].u_hebb.age_SB_DFFESR_Q_D_SB_LUT4_O_I1_SB_CARRY_I0_CO_SB_CARRY_CI_CO_SB_CARRY_CI_CO_SB_CARRY_CI_CO_SB_CARRY_CI_CO_SB_CARRY_CI_CO_SB_CARRY_CI_CO_SB_CARRY_CI_CO_SB_CARRY_CI_CO_SB_CARRY_CI_CO_SB_CARRY_CI_CO_SB_CARRY_CI$CARRY.COUT
Info:    routing  0.00  15.95 Net nodes[1].genblk1.connc.u_cell.edges[0].u_hebb.age_SB_DFFESR_Q_D_SB_LUT4_O_I1_SB_CARRY_I0_CO_SB_CARRY_CI_CO_SB_CARRY_CI_CO_SB_CARRY_CI_CO_SB_CARRY_CI_CO_SB_CARRY_CI_CO_SB_CARRY_CI_CO_SB_CARRY_CI_CO_SB_CARRY_CI_CO_SB_CARRY_CI_CO_SB_CARRY_CI_CO_SB_CARRY_CI_CO (21,27) -> (21,27)
Info:                          Sink nodes[1].genblk1.connc.u_cell.edges[0].u_hebb.age_SB_DFFESR_Q_D_SB_LUT4_O_I1_SB_CARRY_I0_CO_SB_CARRY_CI_CO_SB_CARRY_CI_CO_SB_CARRY_CI_CO_SB_CARRY_CI_CO_SB_CARRY_CI_CO_SB_CARRY_CI_CO_SB_CARRY_CI_CO_SB_CARRY_CI_CO_SB_CARRY_CI_CO_SB_CARRY_CI_CO_SB_CARRY_CI_CO_SB_CARRY_CI$CARRY.CIN
Info:                          Defined in:
Info:                               rtl/q_hebb_edge.v:87.48-87.60
Info:                               /home/eileen/tools/oss-cad-suite/lib/../share/yosys/ice40/arith_map.v:62.5-70.4
Info:                               /home/eileen/tools/oss-cad-suite/lib/../share/yosys/ice40/abc9_model.v:4.9-4.11
Info:      logic  0.13  16.08 Source nodes[1].genblk1.connc.u_cell.edges[0].u_hebb.age_SB_DFFESR_Q_D_SB_LUT4_O_I1_SB_CARRY_I0_CO_SB_CARRY_CI_CO_SB_CARRY_CI_CO_SB_CARRY_CI_CO_SB_CARRY_CI_CO_SB_CARRY_CI_CO_SB_CARRY_CI_CO_SB_CARRY_CI_CO_SB_CARRY_CI_CO_SB_CARRY_CI_CO_SB_CARRY_CI_CO_SB_CARRY_CI_CO_SB_CARRY_CI$CARRY.COUT
Info:    routing  0.00  16.08 Net nodes[1].genblk1.connc.u_cell.edges[0].u_hebb.age_SB_DFFESR_Q_D_SB_LUT4_O_I1_SB_CARRY_I0_CO_SB_CARRY_CI_CO_SB_CARRY_CI_CO_SB_CARRY_CI_CO_SB_CARRY_CI_CO_SB_CARRY_CI_CO_SB_CARRY_CI_CO_SB_CARRY_CI_CO_SB_CARRY_CI_CO_SB_CARRY_CI_CO_SB_CARRY_CI_CO_SB_CARRY_CI_CO_SB_CARRY_CI_CO (21,27) -> (21,27)
Info:                          Sink nodes[1].genblk1.connc.u_cell.edges[0].u_hebb.age_SB_DFFESR_Q_D_SB_LUT4_O_I1_SB_CARRY_I0_CO_SB_CARRY_CI_CO_SB_CARRY_CI_CO_SB_CARRY_CI_CO_SB_CARRY_CI_CO_SB_CARRY_CI_CO_SB_CARRY_CI_I1_SB_LUT4_O_I3_SB_LUT4_O_I3_SB_LUT4_I2_O_SB_CARRY_I1_CI_SB_CARRY_CO$CARRY.CIN
Info:                          Defined in:
Info:                               rtl/q_hebb_edge.v:87.48-87.60
Info:                               /home/eileen/tools/oss-cad-suite/lib/../share/yosys/ice40/arith_map.v:62.5-70.4
Info:                               /home/eileen/tools/oss-cad-suite/lib/../share/yosys/ice40/abc9_model.v:4.9-4.11
Info:      logic  0.13  16.21 Source nodes[1].genblk1.connc.u_cell.edges[0].u_hebb.age_SB_DFFESR_Q_D_SB_LUT4_O_I1_SB_CARRY_I0_CO_SB_CARRY_CI_CO_SB_CARRY_CI_CO_SB_CARRY_CI_CO_SB_CARRY_CI_CO_SB_CARRY_CI_CO_SB_CARRY_CI_I1_SB_LUT4_O_I3_SB_LUT4_O_I3_SB_LUT4_I2_O_SB_CARRY_I1_CI_SB_CARRY_CO$CARRY.COUT
Info:    routing  0.00  16.21 Net nodes[1].genblk1.connc.u_cell.edges[0].u_hebb.age_SB_DFFESR_Q_D_SB_LUT4_O_I1_SB_CARRY_I0_CO_SB_CARRY_CI_CO_SB_CARRY_CI_CO_SB_CARRY_CI_CO_SB_CARRY_CI_CO_SB_CARRY_CI_CO_SB_CARRY_CI_I1_SB_LUT4_O_I3_SB_LUT4_O_I3_SB_LUT4_I2_O_SB_CARRY_I1_CI (21,27) -> (21,27)
Info:                          Sink nodes[1].genblk1.connc.u_cell.edges[0].u_hebb.age_SB_DFFESR_Q_D_SB_LUT4_O_I1_SB_CARRY_I0_CO_SB_CARRY_CI_CO_SB_CARRY_CI_CO_SB_CARRY_CI_CO_SB_CARRY_CI_CO_SB_CARRY_CI_CO_SB_CARRY_CI_I1_SB_LUT4_O_I3_SB_LUT4_O_I3_SB_LUT4_I2_O_SB_CARRY_I1$CARRY.CIN
Info:                          Defined in:
Info:                               rtl/q_hebb_edge.v:87.48-87.60
Info:                               /home/eileen/tools/oss-cad-suite/lib/../share/yosys/ice40/arith_map.v:62.5-70.4
Info:                               /home/eileen/tools/oss-cad-suite/lib/../share/yosys/ice40/abc9_model.v:4.9-4.11
Info:      logic  0.13  16.33 Source nodes[1].genblk1.connc.u_cell.edges[0].u_hebb.age_SB_DFFESR_Q_D_SB_LUT4_O_I1_SB_CARRY_I0_CO_SB_CARRY_CI_CO_SB_CARRY_CI_CO_SB_CARRY_CI_CO_SB_CARRY_CI_CO_SB_CARRY_CI_CO_SB_CARRY_CI_I1_SB_LUT4_O_I3_SB_LUT4_O_I3_SB_LUT4_I2_O_SB_CARRY_I1$CARRY.COUT
Info:    routing  0.00  16.33 Net nodes[1].genblk1.connc.u_cell.edges[0].u_hebb.age_SB_DFFESR_Q_D_SB_LUT4_O_I1_SB_CARRY_I0_CO_SB_CARRY_CI_CO_SB_CARRY_CI_CO_SB_CARRY_CI_CO_SB_CARRY_CI_CO_SB_CARRY_CI_CO_SB_CARRY_CI_I1_SB_LUT4_O_I3_SB_LUT4_O_I3_SB_LUT4_I2_O_SB_CARRY_I1_CO (21,27) -> (21,27)
Info:                          Sink nodes[1].genblk1.connc.u_cell.edges[0].u_hebb.age_SB_DFFESR_Q_D_SB_LUT4_O_I1_SB_CARRY_I0_CO_SB_CARRY_CI_CO_SB_CARRY_CI_CO_SB_CARRY_CI_CO_SB_CARRY_CI_CO_SB_CARRY_CI_CO_SB_CARRY_CI_I1_SB_LUT4_O_I3_SB_LUT4_O_I3_SB_LUT4_I2_O_SB_CARRY_I1_CO_SB_CARRY_CI$CARRY.CIN
Info:                          Defined in:
Info:                               rtl/q_hebb_edge.v:87.48-87.60
Info:                               /home/eileen/tools/oss-cad-suite/lib/../share/yosys/ice40/arith_map.v:62.5-70.4
Info:                               /home/eileen/tools/oss-cad-suite/lib/../share/yosys/ice40/abc9_model.v:4.9-4.11
Info:      logic  0.13  16.46 Source nodes[1].genblk1.connc.u_cell.edges[0].u_hebb.age_SB_DFFESR_Q_D_SB_LUT4_O_I1_SB_CARRY_I0_CO_SB_CARRY_CI_CO_SB_CARRY_CI_CO_SB_CARRY_CI_CO_SB_CARRY_CI_CO_SB_CARRY_CI_CO_SB_CARRY_CI_I1_SB_LUT4_O_I3_SB_LUT4_O_I3_SB_LUT4_I2_O_SB_CARRY_I1_CO_SB_CARRY_CI$CARRY.COUT
Info:    routing  0.00  16.46 Net nodes[1].genblk1.connc.u_cell.edges[0].u_hebb.age_SB_DFFESR_Q_D_SB_LUT4_O_I1_SB_CARRY_I0_CO_SB_CARRY_CI_CO_SB_CARRY_CI_CO_SB_CARRY_CI_CO_SB_CARRY_CI_CO_SB_CARRY_CI_CO_SB_CARRY_CI_I1_SB_LUT4_O_I3_SB_LUT4_O_I3_SB_LUT4_I2_O_SB_CARRY_I1_CO_SB_CARRY_CI_CO (21,27) -> (21,27)
Info:                          Sink nodes[1].genblk1.connc.u_cell.edges[0].u_hebb.age_SB_DFFESR_Q_D_SB_LUT4_O_I1_SB_CARRY_I0_CO_SB_CARRY_CI_CO_SB_CARRY_CI_CO_SB_CARRY_CI_CO_SB_CARRY_CI_CO_SB_CARRY_CI_CO_SB_CARRY_CI_I1_SB_LUT4_O_I3_SB_LUT4_O_I3_SB_LUT4_I2_O_SB_CARRY_I1_CO_SB_CARRY_CI_CO_SB_CARRY_CI$CARRY.CIN
Info:                          Defined in:
Info:                               rtl/q_hebb_edge.v:87.48-87.60
Info:                               /home/eileen/tools/oss-cad-suite/lib/../share/yosys/ice40/arith_map.v:62.5-70.4
Info:                               /home/eileen/tools/oss-cad-suite/lib/../share/yosys/ice40/abc9_model.v:4.9-4.11
Info:      logic  0.13  16.58 Source nodes[1].genblk1.connc.u_cell.edges[0].u_hebb.age_SB_DFFESR_Q_D_SB_LUT4_O_I1_SB_CARRY_I0_CO_SB_CARRY_CI_CO_SB_CARRY_CI_CO_SB_CARRY_CI_CO_SB_CARRY_CI_CO_SB_CARRY_CI_CO_SB_CARRY_CI_I1_SB_LUT4_O_I3_SB_LUT4_O_I3_SB_LUT4_I2_O_SB_CARRY_I1_CO_SB_CARRY_CI_CO_SB_CARRY_CI$CARRY.COUT
Info:    routing  0.20  16.78 Net nodes[1].genblk1.connc.u_cell.edges[0].u_hebb.age_SB_DFFESR_Q_D_SB_LUT4_O_I1_SB_CARRY_I0_CO_SB_CARRY_CI_CO_SB_CARRY_CI_CO_SB_CARRY_CI_CO_SB_CARRY_CI_CO_SB_CARRY_CI_CO_SB_CARRY_CI_I1_SB_LUT4_O_I3_SB_LUT4_O_I3_SB_LUT4_I2_O_SB_CARRY_I1_CO_SB_CARRY_CI_CO_SB_CARRY_CI_CO (21,27) -> (21,28)
Info:                          Sink nodes[1].genblk1.connc.u_cell.edges[0].u_hebb.age_SB_DFFESR_Q_D_SB_LUT4_O_I1_SB_CARRY_I0_CO_SB_CARRY_CI_CO_SB_CARRY_CI_CO_SB_CARRY_CI_CO_SB_CARRY_CI_CO_SB_CARRY_CI_CO_SB_CARRY_CI_I1_SB_LUT4_O_I3_SB_LUT4_O_I3_SB_LUT4_I2_O_SB_CARRY_I1_CO_SB_CARRY_CI_CO_SB_CARRY_CI_CO_SB_CARRY_CI$CARRY.CIN
Info:                          Defined in:
Info:                               rtl/q_hebb_edge.v:87.48-87.60
Info:                               /home/eileen/tools/oss-cad-suite/lib/../share/yosys/ice40/arith_map.v:62.5-70.4
Info:                               /home/eileen/tools/oss-cad-suite/lib/../share/yosys/ice40/abc9_model.v:4.9-4.11
Info:      logic  0.13  16.91 Source nodes[1].genblk1.connc.u_cell.edges[0].u_hebb.age_SB_DFFESR_Q_D_SB_LUT4_O_I1_SB_CARRY_I0_CO_SB_CARRY_CI_CO_SB_CARRY_CI_CO_SB_CARRY_CI_CO_SB_CARRY_CI_CO_SB_CARRY_CI_CO_SB_CARRY_CI_I1_SB_LUT4_O_I3_SB_LUT4_O_I3_SB_LUT4_I2_O_SB_CARRY_I1_CO_SB_CARRY_CI_CO_SB_CARRY_CI_CO_SB_CARRY_CI$CARRY.COUT
Info:    routing  0.00  16.91 Net nodes[1].genblk1.connc.u_cell.edges[0].u_hebb.age_SB_DFFESR_Q_D_SB_LUT4_O_I1_SB_CARRY_I0_CO_SB_CARRY_CI_CO_SB_CARRY_CI_CO_SB_CARRY_CI_CO_SB_CARRY_CI_CO_SB_CARRY_CI_CO_SB_CARRY_CI_I1_SB_LUT4_O_I3_SB_LUT4_O_I3_SB_LUT4_I2_O_SB_CARRY_I1_CO_SB_CARRY_CI_CO_SB_CARRY_CI_CO_SB_CARRY_CI_CO (21,28) -> (21,28)
Info:                          Sink nodes[1].genblk1.connc.u_cell.edges[0].u_hebb.age_SB_DFFESR_Q_D_SB_LUT4_O_I1_SB_CARRY_I0_CO_SB_CARRY_CI_CO_SB_CARRY_CI_CO_SB_CARRY_CI_CO_SB_CARRY_CI_CO_SB_CARRY_CI_CO_SB_CARRY_CI_I1_SB_LUT4_O_I3_SB_LUT4_I3_O_SB_CARRY_I1_CI_SB_CARRY_CO_CI_SB_CARRY_CO_CI_SB_CARRY_CO_CI_SB_CARRY_CO$CARRY.CIN
Info:                          Defined in:
Info:                               rtl/q_hebb_edge.v:87.48-87.60
Info:                               /home/eileen/tools/oss-cad-suite/lib/../share/yosys/ice40/arith_map.v:62.5-70.4
Info:                               /home/eileen/tools/oss-cad-suite/lib/../share/yosys/ice40/abc9_model.v:4.9-4.11
Info:      logic  0.13  17.03 Source nodes[1].genblk1.connc.u_cell.edges[0].u_hebb.age_SB_DFFESR_Q_D_SB_LUT4_O_I1_SB_CARRY_I0_CO_SB_CARRY_CI_CO_SB_CARRY_CI_CO_SB_CARRY_CI_CO_SB_CARRY_CI_CO_SB_CARRY_CI_CO_SB_CARRY_CI_I1_SB_LUT4_O_I3_SB_LUT4_I3_O_SB_CARRY_I1_CI_SB_CARRY_CO_CI_SB_CARRY_CO_CI_SB_CARRY_CO_CI_SB_CARRY_CO$CARRY.COUT
Info:    routing  0.00  17.03 Net nodes[1].genblk1.connc.u_cell.edges[0].u_hebb.age_SB_DFFESR_Q_D_SB_LUT4_O_I1_SB_CARRY_I0_CO_SB_CARRY_CI_CO_SB_CARRY_CI_CO_SB_CARRY_CI_CO_SB_CARRY_CI_CO_SB_CARRY_CI_CO_SB_CARRY_CI_I1_SB_LUT4_O_I3_SB_LUT4_I3_O_SB_CARRY_I1_CI_SB_CARRY_CO_CI_SB_CARRY_CO_CI_SB_CARRY_CO_CI (21,28) -> (21,28)
Info:                          Sink nodes[1].genblk1.connc.u_cell.edges[0].u_hebb.age_SB_DFFESR_Q_D_SB_LUT4_O_I1_SB_CARRY_I0_CO_SB_CARRY_CI_CO_SB_CARRY_CI_CO_SB_CARRY_CI_CO_SB_CARRY_CI_CO_SB_CARRY_CI_CO_SB_CARRY_CI_I1_SB_LUT4_O_I3_SB_LUT4_I3_O_SB_CARRY_I1_CI_SB_CARRY_CO_CI_SB_CARRY_CO_CI_SB_CARRY_CO$CARRY.CIN
Info:                          Defined in:
Info:                               rtl/q_hebb_edge.v:87.48-87.60
Info:                               /home/eileen/tools/oss-cad-suite/lib/../share/yosys/ice40/arith_map.v:62.5-70.4
Info:                               /home/eileen/tools/oss-cad-suite/lib/../share/yosys/ice40/abc9_model.v:4.9-4.11
Info:      logic  0.13  17.16 Source nodes[1].genblk1.connc.u_cell.edges[0].u_hebb.age_SB_DFFESR_Q_D_SB_LUT4_O_I1_SB_CARRY_I0_CO_SB_CARRY_CI_CO_SB_CARRY_CI_CO_SB_CARRY_CI_CO_SB_CARRY_CI_CO_SB_CARRY_CI_CO_SB_CARRY_CI_I1_SB_LUT4_O_I3_SB_LUT4_I3_O_SB_CARRY_I1_CI_SB_CARRY_CO_CI_SB_CARRY_CO_CI_SB_CARRY_CO$CARRY.COUT
Info:    routing  0.00  17.16 Net nodes[1].genblk1.connc.u_cell.edges[0].u_hebb.age_SB_DFFESR_Q_D_SB_LUT4_O_I1_SB_CARRY_I0_CO_SB_CARRY_CI_CO_SB_CARRY_CI_CO_SB_CARRY_CI_CO_SB_CARRY_CI_CO_SB_CARRY_CI_CO_SB_CARRY_CI_I1_SB_LUT4_O_I3_SB_LUT4_I3_O_SB_CARRY_I1_CI_SB_CARRY_CO_CI_SB_CARRY_CO_CI (21,28) -> (21,28)
Info:                          Sink nodes[1].genblk1.connc.u_cell.edges[0].u_hebb.age_SB_DFFESR_Q_D_SB_LUT4_O_I1_SB_CARRY_I0_CO_SB_CARRY_CI_CO_SB_CARRY_CI_CO_SB_CARRY_CI_CO_SB_CARRY_CI_CO_SB_CARRY_CI_CO_SB_CARRY_CI_I1_SB_LUT4_O_I3_SB_LUT4_I3_O_SB_CARRY_I1_CI_SB_CARRY_CO_CI_SB_CARRY_CO$CARRY.CIN
Info:                          Defined in:
Info:                               rtl/q_hebb_edge.v:87.48-87.60
Info:                               /home/eileen/tools/oss-cad-suite/lib/../share/yosys/ice40/arith_map.v:62.5-70.4
Info:                               /home/eileen/tools/oss-cad-suite/lib/../share/yosys/ice40/abc9_model.v:4.9-4.11
Info:      logic  0.13  17.28 Source nodes[1].genblk1.connc.u_cell.edges[0].u_hebb.age_SB_DFFESR_Q_D_SB_LUT4_O_I1_SB_CARRY_I0_CO_SB_CARRY_CI_CO_SB_CARRY_CI_CO_SB_CARRY_CI_CO_SB_CARRY_CI_CO_SB_CARRY_CI_CO_SB_CARRY_CI_I1_SB_LUT4_O_I3_SB_LUT4_I3_O_SB_CARRY_I1_CI_SB_CARRY_CO_CI_SB_CARRY_CO$CARRY.COUT
Info:    routing  0.00  17.28 Net nodes[1].genblk1.connc.u_cell.edges[0].u_hebb.age_SB_DFFESR_Q_D_SB_LUT4_O_I1_SB_CARRY_I0_CO_SB_CARRY_CI_CO_SB_CARRY_CI_CO_SB_CARRY_CI_CO_SB_CARRY_CI_CO_SB_CARRY_CI_CO_SB_CARRY_CI_I1_SB_LUT4_O_I3_SB_LUT4_I3_O_SB_CARRY_I1_CI_SB_CARRY_CO_CI (21,28) -> (21,28)
Info:                          Sink nodes[1].genblk1.connc.u_cell.edges[0].u_hebb.age_SB_DFFESR_Q_D_SB_LUT4_O_I1_SB_CARRY_I0_CO_SB_CARRY_CI_CO_SB_CARRY_CI_CO_SB_CARRY_CI_CO_SB_CARRY_CI_CO_SB_CARRY_CI_CO_SB_CARRY_CI_I1_SB_LUT4_O_I3_SB_LUT4_I3_O_SB_CARRY_I1_CI_SB_CARRY_CO$CARRY.CIN
Info:                          Defined in:
Info:                               rtl/q_hebb_edge.v:87.48-87.60
Info:                               /home/eileen/tools/oss-cad-suite/lib/../share/yosys/ice40/arith_map.v:62.5-70.4
Info:                               /home/eileen/tools/oss-cad-suite/lib/../share/yosys/ice40/abc9_model.v:4.9-4.11
Info:      logic  0.13  17.41 Source nodes[1].genblk1.connc.u_cell.edges[0].u_hebb.age_SB_DFFESR_Q_D_SB_LUT4_O_I1_SB_CARRY_I0_CO_SB_CARRY_CI_CO_SB_CARRY_CI_CO_SB_CARRY_CI_CO_SB_CARRY_CI_CO_SB_CARRY_CI_CO_SB_CARRY_CI_I1_SB_LUT4_O_I3_SB_LUT4_I3_O_SB_CARRY_I1_CI_SB_CARRY_CO$CARRY.COUT
Info:    routing  0.00  17.41 Net nodes[1].genblk1.connc.u_cell.edges[0].u_hebb.age_SB_DFFESR_Q_D_SB_LUT4_O_I1_SB_CARRY_I0_CO_SB_CARRY_CI_CO_SB_CARRY_CI_CO_SB_CARRY_CI_CO_SB_CARRY_CI_CO_SB_CARRY_CI_CO_SB_CARRY_CI_I1_SB_LUT4_O_I3_SB_LUT4_I3_O_SB_CARRY_I1_CI (21,28) -> (21,28)
Info:                          Sink nodes[1].genblk1.connc.u_cell.edges[0].u_hebb.age_SB_DFFESR_Q_D_SB_LUT4_O_I1_SB_CARRY_I0_CO_SB_CARRY_CI_CO_SB_CARRY_CI_CO_SB_CARRY_CI_CO_SB_CARRY_CI_CO_SB_CARRY_CI_CO_SB_CARRY_CI_I1_SB_LUT4_O_I3_SB_LUT4_I3_O_SB_CARRY_I1$CARRY.CIN
Info:                          Defined in:
Info:                               rtl/q_hebb_edge.v:87.48-87.60
Info:                               /home/eileen/tools/oss-cad-suite/lib/../share/yosys/ice40/arith_map.v:62.5-70.4
Info:                               /home/eileen/tools/oss-cad-suite/lib/../share/yosys/ice40/abc9_model.v:4.9-4.11
Info:      logic  0.13  17.54 Source nodes[1].genblk1.connc.u_cell.edges[0].u_hebb.age_SB_DFFESR_Q_D_SB_LUT4_O_I1_SB_CARRY_I0_CO_SB_CARRY_CI_CO_SB_CARRY_CI_CO_SB_CARRY_CI_CO_SB_CARRY_CI_CO_SB_CARRY_CI_CO_SB_CARRY_CI_I1_SB_LUT4_O_I3_SB_LUT4_I3_O_SB_CARRY_I1$CARRY.COUT
Info:    routing  0.00  17.54 Net nodes[1].genblk1.connc.u_cell.edges[0].u_hebb.age_SB_DFFESR_Q_D_SB_LUT4_O_I1_SB_CARRY_I0_CO_SB_CARRY_CI_CO_SB_CARRY_CI_CO_SB_CARRY_CI_CO_SB_CARRY_CI_CO_SB_CARRY_CI_CO_SB_CARRY_CI_I1_SB_LUT4_O_I3_SB_LUT4_I3_O_SB_CARRY_I1_CO (21,28) -> (21,28)
Info:                          Sink nodes[1].genblk1.connc.u_cell.edges[0].u_hebb.age_SB_DFFESR_Q_D_SB_LUT4_O_I1_SB_CARRY_I0_CO_SB_CARRY_CI_CO_SB_CARRY_CI_CO_SB_CARRY_CI_CO_SB_CARRY_CI_CO_SB_CARRY_CI_CO_SB_CARRY_CI_I1_SB_LUT4_O_I3_SB_LUT4_I3_O_SB_CARRY_I1_CO_SB_CARRY_CI$CARRY.CIN
Info:                          Defined in:
Info:                               rtl/q_hebb_edge.v:87.48-87.60
Info:                               /home/eileen/tools/oss-cad-suite/lib/../share/yosys/ice40/arith_map.v:62.5-70.4
Info:                               /home/eileen/tools/oss-cad-suite/lib/../share/yosys/ice40/abc9_model.v:4.9-4.11
Info:      logic  0.13  17.66 Source nodes[1].genblk1.connc.u_cell.edges[0].u_hebb.age_SB_DFFESR_Q_D_SB_LUT4_O_I1_SB_CARRY_I0_CO_SB_CARRY_CI_CO_SB_CARRY_CI_CO_SB_CARRY_CI_CO_SB_CARRY_CI_CO_SB_CARRY_CI_CO_SB_CARRY_CI_I1_SB_LUT4_O_I3_SB_LUT4_I3_O_SB_CARRY_I1_CO_SB_CARRY_CI$CARRY.COUT
Info:    routing  0.00  17.66 Net nodes[1].genblk1.connc.u_cell.edges[0].u_hebb.age_SB_DFFESR_Q_D_SB_LUT4_O_I1_SB_CARRY_I0_CO_SB_CARRY_CI_CO_SB_CARRY_CI_CO_SB_CARRY_CI_CO_SB_CARRY_CI_CO_SB_CARRY_CI_CO_SB_CARRY_CI_I1_SB_LUT4_O_I3_SB_LUT4_I3_O_SB_CARRY_I1_CO_SB_CARRY_CI_CO (21,28) -> (21,28)
Info:                          Sink nodes[1].genblk1.connc.u_cell.edges[0].u_hebb.age_SB_DFFESR_Q_D_SB_LUT4_O_I1_SB_CARRY_I0_CO_SB_CARRY_CI_CO_SB_CARRY_CI_CO_SB_CARRY_CI_CO_SB_CARRY_CI_CO_SB_CARRY_CI_CO_SB_CARRY_CI_I1_SB_LUT4_O_I3_SB_LUT4_I3_O_SB_CARRY_I1_CO_SB_CARRY_CI_CO_SB_CARRY_CI$CARRY.CIN
Info:                          Defined in:
Info:                               rtl/q_hebb_edge.v:87.48-87.60
Info:                               /home/eileen/tools/oss-cad-suite/lib/../share/yosys/ice40/arith_map.v:62.5-70.4
Info:                               /home/eileen/tools/oss-cad-suite/lib/../share/yosys/ice40/abc9_model.v:4.9-4.11
Info:      logic  0.13  17.79 Source nodes[1].genblk1.connc.u_cell.edges[0].u_hebb.age_SB_DFFESR_Q_D_SB_LUT4_O_I1_SB_CARRY_I0_CO_SB_CARRY_CI_CO_SB_CARRY_CI_CO_SB_CARRY_CI_CO_SB_CARRY_CI_CO_SB_CARRY_CI_CO_SB_CARRY_CI_I1_SB_LUT4_O_I3_SB_LUT4_I3_O_SB_CARRY_I1_CO_SB_CARRY_CI_CO_SB_CARRY_CI$CARRY.COUT
Info:    routing  0.46  18.24 Net $nextpnr_ICESTORM_LC_4$I3 (21,28) -> (21,29)
Info:                          Sink $nextpnr_ICESTORM_LC_4.I3
Info:      logic  0.31  18.56 Source $nextpnr_ICESTORM_LC_4.O
Info:    routing  0.96  19.52 Net nodes[1].genblk1.connc.u_cell.edges[0].u_hebb.age_SB_DFFESR_Q_1_D_SB_LUT4_O_I1[3] (21,29) -> (20,27)
Info:                          Sink nodes[1].genblk1.connc.u_cell.edges[0].u_hebb.o_ovf_SB_DFFESR_Q_E_SB_LUT4_O_I3_SB_LUT4_O_I3_SB_LUT4_I2_I1_SB_LUT4_O_1_LC.I3
Info:                          Defined in:
Info:                               rtl/q_hebb_edge.v:87.48-87.60
Info:                               /home/eileen/tools/oss-cad-suite/lib/../share/yosys/ice40/arith_map.v:62.5-70.4
Info:                               /home/eileen/tools/oss-cad-suite/lib/../share/yosys/ice40/abc9_model.v:4.9-4.11
Info:      logic  0.31  19.83 Source nodes[1].genblk1.connc.u_cell.edges[0].u_hebb.o_ovf_SB_DFFESR_Q_E_SB_LUT4_O_I3_SB_LUT4_O_I3_SB_LUT4_I2_I1_SB_LUT4_O_1_LC.O
Info:    routing  0.59  20.42 Net nodes[1].genblk1.connc.u_cell.edges[0].u_hebb.o_ovf_SB_DFFESR_Q_E_SB_LUT4_O_I3_SB_LUT4_O_I3_SB_LUT4_I2_I1[3] (20,27) -> (19,26)
Info:                          Sink nodes[1].genblk1.connc.u_cell.edges[0].u_hebb.o_ovf_SB_DFFESR_Q_E_SB_LUT4_O_I3_SB_LUT4_O_I3_SB_LUT4_I2_LC.I3
Info:                          Defined in:
Info:                               /home/eileen/tools/oss-cad-suite/lib/../share/yosys/ice40/cells_map.v:6.21-6.22
Info:      logic  0.31  20.74 Source nodes[1].genblk1.connc.u_cell.edges[0].u_hebb.o_ovf_SB_DFFESR_Q_E_SB_LUT4_O_I3_SB_LUT4_O_I3_SB_LUT4_I2_LC.O
Info:    routing  1.67  22.41 Net nodes[1].genblk1.connc.u_cell.edges[0].u_hebb.o_ovf_SB_DFFESR_Q_E_SB_LUT4_O_I3_SB_LUT4_O_I3_SB_LUT4_I2_O (19,26) -> (19,21)
Info:                          Sink nodes[1].genblk1.connc.u_cell.edges[0].u_hebb.wh_SB_DFFESR_Q_10_D_SB_LUT4_O_LC.CEN
Info:      setup  0.10  22.51 Source nodes[1].genblk1.connc.u_cell.edges[0].u_hebb.wh_SB_DFFESR_Q_10_D_SB_LUT4_O_LC.CEN
Info: 9.45 ns logic, 13.06 ns routing

Info: Critical path report for cross-domain path '<async>' -> '<async>':
Info:       type curr  total name
Info:     source  0.00  0.00 Source i_rdy$sb_io.D_IN_0
Info:    routing  1.28  1.28 Net i_rdy$SB_IO_IN (10,0) -> (7,2)
Info:                          Sink i_rdy_SB_LUT4_I1_1_LC.I1
Info:                          Defined in:
Info:                               rtl/q_link_ringport.v:45.31-45.39
Info:      logic  0.40  1.68 Source i_rdy_SB_LUT4_I1_1_LC.O
Info:    routing  1.59  3.27 Net i_rdy_SB_LUT4_I1_1_O[2] (7,2) -> (14,1)
Info:                          Sink o_rdy_SB_LUT4_O_LC.I3
Info:                          Defined in:
Info:                               /home/eileen/tools/oss-cad-suite/lib/../share/yosys/ice40/cells_map.v:6.21-6.22
Info:      logic  0.31  3.58 Source o_rdy_SB_LUT4_O_LC.O
Info:    routing  0.59  4.17 Net o_rdy$SB_IO_OUT (14,1) -> (14,0)
Info:                          Sink o_rdy$sb_io.D_OUT_0
Info:                          Defined in:
Info:                               rtl/q_fabric_top.v:18.31-18.36
Info: 0.71 ns logic, 3.46 ns routing

Info: Critical path report for cross-domain path '<async>' -> 'posedge clk$SB_IO_IN_$glb_clk':
Info:       type curr  total name
Info:     source  0.00  0.00 Source rst_n$sb_io.D_IN_0
Info:    routing  2.66  2.66 Net rst_n$SB_IO_IN (23,0) -> (18,23)
Info:                          Sink nodes[1].genblk1.connc.u_cell.u_core.df_wr_SB_LUT4_I3_LC.I2
Info:                          Defined in:
Info:                               rtl/q_tick_sched.v:9.17-9.22
Info:      logic  0.38  3.03 Source nodes[1].genblk1.connc.u_cell.u_core.df_wr_SB_LUT4_I3_LC.O
Info:    routing  1.53  4.57 Net nodes[1].genblk1.connc.u_cell.u_core.df_wr_SB_LUT4_I3_O[2] (18,23) -> (24,23)
Info:                          Sink nodes[1].genblk1.connc.u_cell.u_core.df_wr_SB_LUT4_I3_O_SB_LUT4_I3_3_LC.I3
Info:                          Defined in:
Info:                               /home/eileen/tools/oss-cad-suite/lib/../share/yosys/ice40/cells_map.v:6.21-6.22
Info:      logic  0.31  4.88 Source nodes[1].genblk1.connc.u_cell.u_core.df_wr_SB_LUT4_I3_O_SB_LUT4_I3_3_LC.O
Info:    routing  1.27  6.16 Net nodes[1].genblk1.connc.u_cell.u_core.df_wr_SB_LUT4_I3_O_SB_LUT4_I3_3_O[2] (24,23) -> (26,24)
Info:                          Sink nodes[1].genblk1.connc.u_cell.u_core.df_wr_SB_LUT4_I3_O_SB_LUT4_I3_3_O_SB_LUT4_I3_3_LC.I3
Info:                          Defined in:
Info:                               /home/eileen/tools/oss-cad-suite/lib/../share/yosys/ice40/cells_map.v:6.21-6.22
Info:      logic  0.31  6.47 Source nodes[1].genblk1.connc.u_cell.u_core.df_wr_SB_LUT4_I3_O_SB_LUT4_I3_3_O_SB_LUT4_I3_3_LC.O
Info:    routing  1.27  7.74 Net nodes[1].genblk1.connc.u_cell.u_core.df_wr_SB_LUT4_I3_O_SB_LUT4_I3_3_O_SB_LUT4_I3_3_O[1] (26,24) -> (29,27)
Info:                          Sink nodes[1].genblk1.connc.u_cell.u_core.df_wr_SB_LUT4_I3_O_SB_LUT4_I3_3_O_SB_LUT4_I3_3_O_SB_LUT4_I3_LC.I3
Info:                          Defined in:
Info:                               /home/eileen/tools/oss-cad-suite/lib/../share/yosys/ice40/cells_map.v:6.21-6.22
Info:      logic  0.31  8.06 Source nodes[1].genblk1.connc.u_cell.u_core.df_wr_SB_LUT4_I3_O_SB_LUT4_I3_3_O_SB_LUT4_I3_3_O_SB_LUT4_I3_LC.O
Info:    routing  2.36  10.42 Net nodes[1].genblk1.connc.u_cell.u_df.dial[0]_SB_DFFESS_Q_E (29,27) -> (27,16)
Info:                          Sink nodes[1].genblk1.connc.u_cell.u_df.dial[0]_SB_DFFESR_Q_1_DFFLC.CEN
Info:      setup  0.10  10.52 Source nodes[1].genblk1.connc.u_cell.u_df.dial[0]_SB_DFFESR_Q_1_DFFLC.CEN
Info: 1.42 ns logic, 9.10 ns routing

Info: Critical path report for cross-domain path 'posedge clk$SB_IO_IN_$glb_clk' -> '<async>':
Info:       type curr  total name
Info:   clk-to-q  0.54  0.54 Source nodes[1].u_pipe.a_q_SB_DFFSR_Q_9_D_SB_LUT4_O_LC.O
Info:    routing  1.59  2.13 Net o_dst[1]$SB_IO_OUT (11,2) -> (7,1)
Info:                          Sink o_val_SB_LUT4_O_I3_SB_LUT4_O_LC.I3
Info:                          Defined in:
Info:                               rtl/q_fabric_top.v:53.36-53.40
Info:      logic  0.31  2.44 Source o_val_SB_LUT4_O_I3_SB_LUT4_O_LC.O
Info:    routing  0.59  3.03 Net o_val_SB_LUT4_O_I3[2] (7,1) -> (7,1)
Info:                          Sink o_val_SB_LUT4_O_LC.I3
Info:                          Defined in:
Info:                               /home/eileen/tools/oss-cad-suite/lib/../share/yosys/ice40/cells_map.v:6.21-6.22
Info:      logic  0.31  3.35 Source o_val_SB_LUT4_O_LC.O
Info:    routing  0.59  3.93 Net o_val$SB_IO_OUT (7,1) -> (7,2)
Info:                          Sink i_rdy_SB_LUT4_I1_1_LC.I3
Info:                          Defined in:
Info:                               rtl/q_fabric_top.v:28.31-28.36
Info:      logic  0.31  4.25 Source i_rdy_SB_LUT4_I1_1_LC.O
Info:    routing  1.59  5.84 Net i_rdy_SB_LUT4_I1_1_O[2] (7,2) -> (14,1)
Info:                          Sink o_rdy_SB_LUT4_O_LC.I3
Info:                          Defined in:
Info:                               /home/eileen/tools/oss-cad-suite/lib/../share/yosys/ice40/cells_map.v:6.21-6.22
Info:      logic  0.31  6.15 Source o_rdy_SB_LUT4_O_LC.O
Info:    routing  0.59  6.74 Net o_rdy$SB_IO_OUT (14,1) -> (14,0)
Info:                          Sink o_rdy$sb_io.D_OUT_0
Info:                          Defined in:
Info:                               rtl/q_fabric_top.v:18.31-18.36
Info: 1.80 ns logic, 4.94 ns routing

Info: Max frequency for clock 'clk$SB_IO_IN_$glb_clk': 44.43 MHz (PASS at 12.00 MHz)

Info: Max delay <async>                       -> <async>                      : 4.17 ns
Info: Max delay <async>                       -> posedge clk$SB_IO_IN_$glb_clk: 10.52 ns
Info: Max delay posedge clk$SB_IO_IN_$glb_clk -> <async>                      : 6.74 ns

Info: Slack histogram:
Info:  legend: * represents 15 endpoint(s)
Info:          + represents [1,15) endpoint(s)
Info: [ 60824,  61877) |*+
Info: [ 61877,  62930) |+
Info: [ 62930,  63983) |*+
Info: [ 63983,  65036) |**+
Info: [ 65036,  66089) |**+
Info: [ 66089,  67142) |*+
Info: [ 67142,  68195) |***+
Info: [ 68195,  69248) |***+
Info: [ 69248,  70301) |********+
Info: [ 70301,  71354) |*****************+
Info: [ 71354,  72407) |*****************************+
Info: [ 72407,  73460) |***********************************+
Info: [ 73460,  74513) |************************************+
Info: [ 74513,  75566) |*******************************************+
Info: [ 75566,  76619) |***********************************************+
Info: [ 76619,  77672) |*************************************+
Info: [ 77672,  78725) |**************************************+
Info: [ 78725,  79778) |**************************************+
Info: [ 79778,  80831) |**********************************************************+
Info: [ 80831,  81884) |************************************************************ 
1 warning, 0 errors

Info: Program finished normally.
PNR_WALL 31.93 s
